Archive member included to satisfy reference by file (symbol)

/opt/devkitpro/libnds/lib/libnds9.a(background.o)
                              main.o (bgState)
/opt/devkitpro/libnds/lib/libnds9.a(console.o)
                              main.o (consoleSelect)
/opt/devkitpro/libnds/lib/libnds9.a(keys.o)
                              main.o (scanKeys)
/opt/devkitpro/libnds/lib/libnds9.a(trig.o)
                              /opt/devkitpro/libnds/lib/libnds9.a(background.o) (sinLerp)
/opt/devkitpro/libnds/lib/libnds9.a(default_font.bin.o)
                              /opt/devkitpro/libnds/lib/libnds9.a(console.o) (default_font_bin)
/opt/devkitpro/calico/lib/libcalico_ds9.a(thread_cold.o)
                              main.o (threadIrqWait)
/opt/devkitpro/calico/lib/libcalico_ds9.a(thread_hot.32.o)
                              /opt/devkitpro/calico/lib/libcalico_ds9.a(thread_cold.o) (__sched_state)
/opt/devkitpro/calico/lib/libcalico_ds9.a(arm-copy-fill.32.o)
                              /opt/devkitpro/calico/lib/libcalico_ds9.a(thread_cold.o) (armCopyMem32)
/opt/devkitpro/calico/lib/libcalico_ds9.a(arm-context.32.o)
                              /opt/devkitpro/calico/lib/libcalico_ds9.a(thread_cold.o) (armContextSave)
/opt/devkitpro/calico/lib/libcalico_ds9.a(arm-shims.32.o)
                              /opt/devkitpro/calico/lib/libcalico_ds9.a(thread_cold.o) (armWaitForIrq)
/opt/devkitpro/calico/lib/libcalico_ds9.a(keypad.o)
                              /opt/devkitpro/libnds/lib/libnds9.a(keys.o) (keypadGetState)
/opt/devkitpro/calico/lib/libcalico_ds9.a(bootstub_arm9.o)
                              (__ds9_bootstub)
/opt/devkitpro/calico/lib/libcalico_ds9.a(excpt_handler.32.o)
                              /opt/devkitpro/calico/lib/libcalico_ds9.a(bootstub_arm9.o) (__arm_excpt_rst)
/opt/devkitpro/calico/lib/libcalico_ds9.a(touch.o)
                              /opt/devkitpro/libnds/lib/libnds9.a(keys.o) (touchRead)
/opt/devkitpro/calico/lib/libcalico_ds9.a(tick.o)
                              /opt/devkitpro/calico/lib/libcalico_ds9.a(thread_cold.o) (tickTaskStart)
/opt/devkitpro/calico/lib/libcalico_ds9.a(newlib_syscalls.o)
                              /opt/devkitpro/calico/lib/libcalico_ds9.a(bootstub_arm9.o) (__newlib_syscalls)
/opt/devkitpro/calico/lib/libcalico_ds9.a(startup.crt0.o)
                              /opt/devkitpro/calico/lib/libcalico_ds9.a(bootstub_arm9.o) (crt0Startup)
/opt/devkitpro/calico/lib/libcalico_ds9.a(utils.crt0.o)
                              /opt/devkitpro/calico/lib/libcalico_ds9.a(startup.crt0.o) (crt0CopyMem32)
/opt/devkitpro/calico/lib/libcalico_ds9.a(irq_handler.32.o)
                              /opt/devkitpro/calico/lib/libcalico_ds9.a(bootstub_arm9.o) (__arm_excpt_irq)
/opt/devkitpro/calico/lib/libcalico_ds9.a(pxi.o)
                              /opt/devkitpro/calico/lib/libcalico_ds9.a(startup.crt0.o) (_pxiInit)
/opt/devkitpro/calico/lib/libcalico_ds9.a(mpu_setup.crt0.o)
                              /opt/devkitpro/calico/lib/libcalico_ds9.a(startup.crt0.o) (crt0SetupMPU)
/opt/devkitpro/calico/lib/libcalico_ds9.a(sys_startup.o)
                              /opt/devkitpro/calico/lib/libcalico_ds9.a(startup.crt0.o) (systemStartup)
/opt/devkitpro/calico/lib/libcalico_ds9.a(irq.o)
                              /opt/devkitpro/calico/lib/libcalico_ds9.a(tick.o) (irqSet)
/opt/devkitpro/calico/lib/libcalico_ds9.a(mutex.o)
                              /opt/devkitpro/calico/lib/libcalico_ds9.a(newlib_syscalls.o) (mutexLock)
/opt/devkitpro/calico/lib/libcalico_ds9.a(mailbox.o)
                              /opt/devkitpro/calico/lib/libcalico_ds9.a(pxi.o) (mailboxTrySend)
/opt/devkitpro/calico/lib/libcalico_ds9.a(arm-cache.32.o)
                              /opt/devkitpro/calico/lib/libcalico_ds9.a(startup.crt0.o) (armDCacheFlushAll)
/opt/devkitpro/calico/lib/libcalico_ds9.a(pm.o)
                              /opt/devkitpro/calico/lib/libcalico_ds9.a(sys_startup.o) (pmInit)
/opt/devkitpro/devkitARM/bin/../lib/gcc/arm-none-eabi/15.1.0/thumb/libgcc.a(_divsi3.o)
                              /opt/devkitpro/libnds/lib/libnds9.a(console.o) (__aeabi_idivmod)
/opt/devkitpro/devkitARM/bin/../lib/gcc/arm-none-eabi/15.1.0/thumb/libgcc.a(_dvmd_tls.o)
                              /opt/devkitpro/devkitARM/bin/../lib/gcc/arm-none-eabi/15.1.0/thumb/libgcc.a(_divsi3.o) (__aeabi_idiv0)
/opt/devkitpro/devkitARM/bin/../lib/gcc/arm-none-eabi/15.1.0/thumb/libgcc.a(_aeabi_uldivmod.o)
                              /opt/devkitpro/calico/lib/libcalico_ds9.a(newlib_syscalls.o) (__aeabi_uldivmod)
/opt/devkitpro/devkitARM/bin/../lib/gcc/arm-none-eabi/15.1.0/thumb/libgcc.a(_sync_none.o)
                              (__sync_synchronize_none)
/opt/devkitpro/devkitARM/bin/../lib/gcc/arm-none-eabi/15.1.0/thumb/libgcc.a(_udivmoddi4.o)
                              /opt/devkitpro/devkitARM/bin/../lib/gcc/arm-none-eabi/15.1.0/thumb/libgcc.a(_aeabi_uldivmod.o) (__udivmoddi4)
[...]
Memory Configuration

Name             Origin             Length             Attributes
lma9             0x02004000         0x0027c000
lma9i            0x02400000         0x00280000
vectors          0x00000000         0x00000020
itcm             0x01ff8020         0x00007fe0
main             0x02001000         0x00f7f000
dtcm             0x02ff0000         0x00003e80
dldi             0x0380b000         0x00004000
stub             0x0e000000         0x00004000
tls              0x00000000         0x00000400
*default*        0x00000000         0xffffffff

Linker script and memory map

                0x00000000                        __sync_synchronize = __sync_synchronize_none
LOAD /opt/devkitpro/devkitARM/bin/../lib/gcc/arm-none-eabi/15.1.0/thumb/crti.o
LOAD /opt/devkitpro/devkitARM/bin/../lib/gcc/arm-none-eabi/15.1.0/thumb/crtbegin.o
LOAD duck.o
LOAD duck_on_the_right.o
LOAD lemonade_sample.o
LOAD man.o
LOAD main.o
LOAD /opt/devkitpro/libnds/lib/libnds9.a
LOAD /opt/devkitpro/calico/lib/libcalico_ds9.a
START GROUP
LOAD /opt/devkitpro/devkitARM/bin/../lib/gcc/arm-none-eabi/15.1.0/thumb/libgcc.a
LOAD /opt/devkitpro/devkitARM/bin/../lib/gcc/arm-none-eabi/15.1.0/../../../../arm-none-eabi/lib/thumb/libg.a
LOAD /opt/devkitpro/devkitARM/bin/../lib/gcc/arm-none-eabi/15.1.0/../../../../arm-none-eabi/lib/thumb/libc.a
LOAD /opt/devkitpro/devkitARM/bin/../lib/gcc/arm-none-eabi/15.1.0/../../../../arm-none-eabi/lib/thumb/libsysbase.a
END GROUP
LOAD /opt/devkitpro/devkitARM/bin/../lib/gcc/arm-none-eabi/15.1.0/thumb/crtend.o
LOAD /opt/devkitpro/devkitARM/bin/../lib/gcc/arm-none-eabi/15.1.0/thumb/crtn.o
                0x02ff3e80                        PROVIDE (__sp_usr = (ORIGIN (dtcm) + LENGTH (dtcm)))
                0x02ff3f80                        PROVIDE (__sp_irq = (__sp_usr + 0x100))
                0x02ff3fc0                        PROVIDE (__sp_svc = (__sp_irq + 0x40))
                0x02ff3ff8                        PROVIDE (__irq_flags = (__sp_svc + 0x38))
                [!provide]                        PROVIDE (__irq_vector = (__sp_svc + 0x3c))
                [!provide]                        PROVIDE (__arm_excpt_rst = 0xffff0000)
                [!provide]                        PROVIDE (__arm_excpt_und = 0xffff0004)
                0xffff0008                        PROVIDE (__arm_excpt_svc = 0xffff0008)
                [!provide]                        PROVIDE (__arm_excpt_pabt = 0xffff000c)
                [!provide]                        PROVIDE (__arm_excpt_dabt = 0xffff0010)
                [!provide]                        PROVIDE (__arm_excpt_irq = 0xffff0018)
                [!provide]                        PROVIDE (__arm_excpt_fiq = 0xffff001c)
                0x00000000                        PROVIDE (__end__ = 0x0)

.secure         0x0e000000      0x800 load address 0x02004000
                0x0e0007fc                        . = (. + 0x7fc)
 *fill*         0x0e000000      0x7fc 00000000
                0x0e0007fc        0x4 LONG 0x0

.bootstub       0x0e000800      0x198 load address 0x02004800
 *(.bootstub .bootstub.*)
 .bootstub.__ds9_bootstub
                0x0e000800      0x198 /opt/devkitpro/calico/lib/libcalico_ds9.a(bootstub_arm9.o)
                0x0e000800                __ds9_bootstub
                0x0e000998                        . = ALIGN (0x4)

.crt0           0x02001000      0x3c0 load address 0x02004998
 *(.crt0 .crt0.*)
 .crt0.__ds9_bootstub_trampoline
                0x02001000       0x60 /opt/devkitpro/calico/lib/libcalico_ds9.a(bootstub_arm9.o)
 *.crt0.*(.text .stub .text.* .gnu.linkonce.t.*)
 .text.crt0ProcessLoadList
                0x02001060       0x74 /opt/devkitpro/calico/lib/libcalico_ds9.a(startup.crt0.o)
                0x02001060                crt0ProcessLoadList
 .text.crt0Startup
                0x020010d4      0x180 /opt/devkitpro/calico/lib/libcalico_ds9.a(startup.crt0.o)
                0x020010d4                crt0Startup
 .text.crt0CopyMem32
                0x02001254       0x4c /opt/devkitpro/calico/lib/libcalico_ds9.a(utils.crt0.o)
                0x02001254                crt0CopyMem32
 .text.crt0FillMem32
                0x020012a0       0x58 /opt/devkitpro/calico/lib/libcalico_ds9.a(utils.crt0.o)
                0x020012a0                crt0FillMem32
 .text.crt0SetupMPU
                0x020012f8       0xb4 /opt/devkitpro/calico/lib/libcalico_ds9.a(mpu_setup.crt0.o)
                0x020012f8                crt0SetupMPU
 *.crt0.*(.glue_7t .glue_7 .vfp11_veneer .v4_bx)
 *.crt0.*(.rodata .rodata.* .gnu.linkonce.r.*)
 *.crt0.*(.rodata1)
                0x020013c0                        . = ALIGN (0x20)
 *fill*         0x020013ac       0x14 ff
                0x02004998                        PROVIDE (__crt0_lma = LOADADDR (.crt0))
                0x02001000                        PROVIDE (__crt0_start = ADDR (.crt0))
                0x020013c0                        PROVIDE (__crt0_end = (ADDR (.crt0) + SIZEOF (.crt0)))
                0x00000001                        ASSERT (((__crt0_end <= LOADADDR (.bootstub)) || (__crt0_start >= (LOADADDR (.bootstub) + SIZEOF (.bootstub)))), Error: crt0 section overlaps initial bootstrap)

.dldi           0x0380b000        0x0 load address 0x02004d58
 *(.dldi)
                0x00000000                        PROVIDE (__dldi_lma = SIZEOF (.dldi)?LOADADDR (.dldi):0x0)

.vectors        0x00000000       0x20 load address 0x02004d58
 *(.vectors)
 .vectors       0x00000000       0x20 /opt/devkitpro/calico/lib/libcalico_ds9.a(bootstub_arm9.o)

.itcm           0x01ff8020      0x67c load address 0x02004d78
 *(.itcm .itcm.*)
 .itcm          0x01ff8020       0x30 /opt/devkitpro/calico/lib/libcalico_ds9.a(bootstub_arm9.o)
                0x01ff8038                __excpt_vectors
 *.itcm.*(.text .stub .text.* .gnu.linkonce.t.*)
 *.32.o(.text .stub .text.* .gnu.linkonce.t.*)
 .text.threadReschedule
                0x01ff8050       0x88 /opt/devkitpro/calico/lib/libcalico_ds9.a(thread_hot.32.o)
 .text.threadBlock
                0x01ff80d8       0xd8 /opt/devkitpro/calico/lib/libcalico_ds9.a(thread_hot.32.o)
                0x01ff80d8                threadBlock
 .text.threadUnblockOneByValue
                0x01ff81b0       0xc0 /opt/devkitpro/calico/lib/libcalico_ds9.a(thread_hot.32.o)
                0x01ff81b0                threadUnblockOneByValue
 .text.threadUnblockAllByValue
                0x01ff8270      0x130 /opt/devkitpro/calico/lib/libcalico_ds9.a(thread_hot.32.o)
                0x01ff8270                threadUnblockAllByValue
 .text.threadUnblockAllByMask
                0x01ff83a0      0x134 /opt/devkitpro/calico/lib/libcalico_ds9.a(thread_hot.32.o)
                0x01ff83a0                threadUnblockAllByMask
 .text.armContextSave
                0x01ff84d4       0x2c /opt/devkitpro/calico/lib/libcalico_ds9.a(arm-context.32.o)
                0x01ff84d4                armContextSave
 .text.armContextLoad
                0x01ff8500       0x20 /opt/devkitpro/calico/lib/libcalico_ds9.a(arm-context.32.o)
                0x01ff8500                armContextLoad
                0x01ff8504                armContextLoadFromSvc
 .text.armWaitForIrq
                0x01ff8520        0x8 /opt/devkitpro/calico/lib/libcalico_ds9.a(arm-shims.32.o)
                0x01ff8520                armWaitForIrq
 .text.__excpt_entry
                0x01ff8528       0x50 /opt/devkitpro/calico/lib/libcalico_ds9.a(excpt_handler.32.o)
                0x01ff8528                __arm_excpt_rst
                0x01ff852c                __arm_excpt_pabt
                0x01ff8530                __arm_excpt_und
                0x01ff853c                __arm_excpt_dabt
 .text.__arm_excpt_irq
                0x01ff8578       0xe4 /opt/devkitpro/calico/lib/libcalico_ds9.a(irq_handler.32.o)
                0x01ff8578                __arm_excpt_irq
 .text.armDrainWriteBuffer
                0x01ff865c        0xc /opt/devkitpro/calico/lib/libcalico_ds9.a(arm-cache.32.o)
                0x01ff865c                armDrainWriteBuffer
 .text.armDCacheFlushAll
                0x01ff8668       0x28 /opt/devkitpro/calico/lib/libcalico_ds9.a(arm-cache.32.o)
                0x01ff8668                armDCacheFlushAll
 .text.armICacheInvalidateAll
                0x01ff8690        0xc /opt/devkitpro/calico/lib/libcalico_ds9.a(arm-cache.32.o)
                0x01ff8690                armICacheInvalidateAll
 *.itcm.*(.glue_7t .glue_7 .vfp11_veneer .v4_bx)
 *.32.o(.glue_7t .glue_7 .vfp11_veneer .v4_bx)
 *.itcm.*(.rodata .rodata.* .gnu.linkonce.r.*)
 *.32.o(.rodata .rodata.* .gnu.linkonce.r.*)
 *.itcm.*(.rodata1)
 *.32.o(.rodata1)
                0x01ff869c                        . = ALIGN (0x4)
                0x02004d58                        PROVIDE (__itcm_lma = LOADADDR (.vectors))
                0x01ff8000                        PROVIDE (__itcm_start = (ADDR (.itcm) - SIZEOF (.vectors)))
                0x01ff869c                        PROVIDE (__itcm_end = (ADDR (.itcm) + SIZEOF (.itcm)))
                0x00000001                        ASSERT (((__itcm_lma + SIZEOF (.vectors)) == LOADADDR (.itcm)), Error: gap between vectors and itcm)

.dtcm           0x02ff0000        0x0 load address 0x020053f4
 *(.dtcm .dtcm.*)
 *.32.o(.data .data.* .gnu.linkonce.d.*)
 *.32.o(.data1)
                0x02ff0000                        . = ALIGN (0x4)
                [!provide]                        PROVIDE (__dtcm_lma = LOADADDR (.dtcm))
                0x02ff0000                        PROVIDE (__dtcm_start = ADDR (.dtcm))
                0x02ff0000                        PROVIDE (__dtcm_end = (ADDR (.dtcm) + SIZEOF (.dtcm)))

.dtcm.bss       0x02ff0000       0x98 load address 0x020053f4
 *(.sbss .sbss.*)
 *.32.o(.dynbss)
 *.32.o(.bss .bss.* .gnu.linkonce.b.*)
 .bss.__irq_table
                0x02ff0000       0x80 /opt/devkitpro/calico/lib/libcalico_ds9.a(thread_hot.32.o)
                0x02ff0000                __irq_table
 .bss.__sched_state
                0x02ff0080       0x18 /opt/devkitpro/calico/lib/libcalico_ds9.a(thread_hot.32.o)
                0x02ff0080                __sched_state
 *.32.o(COMMON)
                0x02ff0098                        . = ALIGN (0x4)
                [!provide]                        PROVIDE (__dtcm_bss_start = ADDR (.dtcm.bss))
                0x02ff0098                        PROVIDE (__dtcm_bss_end = (ADDR (.dtcm.bss) + SIZEOF (.dtcm.bss)))

.main           0x020013c0    0x46a6c load address 0x020053f4
 *(SORT_NONE(.init))
 .init          0x020013c0        0x4 /opt/devkitpro/devkitARM/bin/../lib/gcc/arm-none-eabi/15.1.0/thumb/crti.o
                0x020013c0                _init
 .init          0x020013c4        0x8 /opt/devkitpro/devkitARM/bin/../lib/gcc/arm-none-eabi/15.1.0/thumb/crtn.o
 EXCLUDE_FILE(*.twl.*) *(.text.unlikely .text.*_unlikely .text.unlikely.*)
 EXCLUDE_FILE(*.twl.*) *(.text.exit .text.exit.*)
 .text.exit     0x020013cc       0x24 /opt/devkitpro/devkitARM/bin/../lib/gcc/arm-none-eabi/15.1.0/../../../../arm-none-eabi/lib/thumb/libg.a(libc_a-exit.o)
                0x020013cc                exit
 EXCLUDE_FILE(*.twl.*) *(.text.startup .text.startup.*)
 .text.startup  0x020013f0      0x64c main.o
                0x020013f0                main
 EXCLUDE_FILE(*.twl.*) *(.text.hot .text.hot.*)
 EXCLUDE_FILE(*.twl.*) *(.text .iplt .stub .text.* .gnu.linkonce.t.*)
 .text.__do_global_dtors_aux
                0x02001a3c       0x2c /opt/devkitpro/devkitARM/bin/../lib/gcc/arm-none-eabi/15.1.0/thumb/crtbegin.o
 .text.frame_dummy
                0x02001a68       0x24 /opt/devkitpro/devkitARM/bin/../lib/gcc/arm-none-eabi/15.1.0/thumb/crtbegin.o
 .iplt          0x02001a8c        0x0 /opt/devkitpro/devkitARM/bin/../lib/gcc/arm-none-eabi/15.1.0/thumb/crtbegin.o
 .text          0x02001a8c      0x2bc main.o
                0x02001a8c                getTextRow
                0x02001aa0                printCentered
                0x02001ad0                printWrapped
                0x02001b84                loadBackground
                0x02001cd4                drawChoiceMenu
 .text.checkIfText
                0x02001d48       0x6c /opt/devkitpro/libnds/lib/libnds9.a(background.o)
                0x02001d48                checkIfText
 .text.bgUpdate
                0x02001db4       0xe8 /opt/devkitpro/libnds/lib/libnds9.a(background.o)
                0x02001db4                bgUpdate
 .text.bgInit_call
                0x02001e9c       0xa8 /opt/devkitpro/libnds/lib/libnds9.a(background.o)
                0x02001e9c                bgInit_call
 .text.bgInitSub_call
                0x02001f44       0xb0 /opt/devkitpro/libnds/lib/libnds9.a(background.o)
                0x02001f44                bgInitSub_call
 .text.newRow   0x02001ff4       0xe0 /opt/devkitpro/libnds/lib/libnds9.a(console.o)
 .text.consoleSelect
                0x020020d4       0x10 /opt/devkitpro/libnds/lib/libnds9.a(console.o)
                0x020020d4                consoleSelect
 .text.consolePrintChar
                0x020020e4       0xe0 /opt/devkitpro/libnds/lib/libnds9.a(console.o)
                0x020020e4                consolePrintChar
 .text.con_write
                0x020021c4      0x344 /opt/devkitpro/libnds/lib/libnds9.a(console.o)
                0x020021c4                con_write
 .text.consoleLoadFont
                0x02002508      0x2e8 /opt/devkitpro/libnds/lib/libnds9.a(console.o)
                0x02002508                consoleLoadFont
 .text.consoleInit
                0x020027f0      0x170 /opt/devkitpro/libnds/lib/libnds9.a(console.o)
                0x020027f0                consoleInit
 .text.consoleClear
                0x02002960       0x10 /opt/devkitpro/libnds/lib/libnds9.a(console.o)
                0x02002960                consoleClear
 .text.scanKeys
                0x02002970       0x6c /opt/devkitpro/libnds/lib/libnds9.a(keys.o)
                0x02002970                scanKeys
 .text.keysDown
                0x020029dc       0x10 /opt/devkitpro/libnds/lib/libnds9.a(keys.o)
                0x020029dc                keysDown
 .text.sinLutLookup
                0x020029ec       0x4c /opt/devkitpro/libnds/lib/libnds9.a(trig.o)
                0x020029ec                sinLutLookup
 .text.sinLerp  0x02002a38       0x38 /opt/devkitpro/libnds/lib/libnds9.a(trig.o)
                0x02002a38                sinLerp
 .text.cosLerp  0x02002a70       0x44 /opt/devkitpro/libnds/lib/libnds9.a(trig.o)
                0x02002a70                cosLerp
 .text.threadExit
                0x02002ab4       0x9c /opt/devkitpro/calico/lib/libcalico_ds9.a(thread_cold.o)
                0x02002ab4                threadExit
 .text._threadTickTask
                0x02002b50       0x10 /opt/devkitpro/calico/lib/libcalico_ds9.a(thread_cold.o)
 .text._threadInit
                0x02002b60       0x98 /opt/devkitpro/calico/lib/libcalico_ds9.a(thread_cold.o)
                0x02002b60                _threadInit
 .text.threadPrepare
                0x02002bf8       0xa4 /opt/devkitpro/calico/lib/libcalico_ds9.a(thread_cold.o)
                0x02002bf8                threadPrepare
 .text.threadStart
                0x02002c9c       0xc8 /opt/devkitpro/calico/lib/libcalico_ds9.a(thread_cold.o)
                0x02002c9c                threadStart
 .text.threadIrqWait
                0x02002d64       0xa0 /opt/devkitpro/calico/lib/libcalico_ds9.a(thread_cold.o)
                0x02002d64                threadIrqWait
 .text.threadSleepTicks
                0x02002e04       0x58 /opt/devkitpro/calico/lib/libcalico_ds9.a(thread_cold.o)
                0x02002e04                threadSleepTicks
 .text.keypadGetState
                0x02002e5c       0x28 /opt/devkitpro/calico/lib/libcalico_ds9.a(keypad.o)
                0x02002e5c                keypadGetState
 .text.touchRead
                0x02002e84       0x58 /opt/devkitpro/calico/lib/libcalico_ds9.a(touch.o)
                0x02002e84                touchRead
 .text._tickCountIsr
                0x02002edc       0x1c /opt/devkitpro/calico/lib/libcalico_ds9.a(tick.o)
 .text._tickTaskSchedule.part.0.isra.0
                0x02002ef8       0x84 /opt/devkitpro/calico/lib/libcalico_ds9.a(tick.o)
 .text.tickInit
                0x02002f7c       0xa0 /opt/devkitpro/calico/lib/libcalico_ds9.a(tick.o)
                0x02002f7c                tickInit
 .text.tickGetCount
                0x0200301c       0x5c /opt/devkitpro/calico/lib/libcalico_ds9.a(tick.o)
                0x0200301c                tickGetCount
 .text._tickTaskIsr
                0x02003078      0x110 /opt/devkitpro/calico/lib/libcalico_ds9.a(tick.o)
 .text.tickTaskStart
                0x02003188      0x144 /opt/devkitpro/calico/lib/libcalico_ds9.a(tick.o)
                0x02003188                tickTaskStart
 .text.__syscall_getreent
                0x020032cc       0x14 /opt/devkitpro/calico/lib/libcalico_ds9.a(newlib_syscalls.o)
                0x020032cc                __syscall_getreent
 .text.__errno  0x020032e0       0x24 /opt/devkitpro/calico/lib/libcalico_ds9.a(newlib_syscalls.o)
                0x020032e0                __errno
 .text.__syscall_lock_acquire
                0x02003304        0x4 /opt/devkitpro/calico/lib/libcalico_ds9.a(newlib_syscalls.o)
                0x02003304                __syscall_lock_acquire
 .text.__syscall_lock_release
                0x02003308        0x4 /opt/devkitpro/calico/lib/libcalico_ds9.a(newlib_syscalls.o)
                0x02003308                __syscall_lock_release
 .text.__syscall_lock_acquire_recursive
                0x0200330c       0x4c /opt/devkitpro/calico/lib/libcalico_ds9.a(newlib_syscalls.o)
                0x0200330c                __syscall_lock_acquire_recursive
 .text.__syscall_lock_release_recursive
                0x02003358       0x18 /opt/devkitpro/calico/lib/libcalico_ds9.a(newlib_syscalls.o)
                0x02003358                __syscall_lock_release_recursive
 .text._pxiMailboxHandler
                0x02003370        0x4 /opt/devkitpro/calico/lib/libcalico_ds9.a(pxi.o)
 .text._pxiRecvUnhandled
                0x02003374        0x4 /opt/devkitpro/calico/lib/libcalico_ds9.a(pxi.o)
                0x02003374                _pxiRecvUnhandled
 .text._pxiRecvIrqHandler
                0x02003378      0x154 /opt/devkitpro/calico/lib/libcalico_ds9.a(pxi.o)
 .text._pxiInit
                0x020034cc       0x58 /opt/devkitpro/calico/lib/libcalico_ds9.a(pxi.o)
                0x020034cc                _pxiInit
 .text.pxiSetHandler
                0x02003524       0x74 /opt/devkitpro/calico/lib/libcalico_ds9.a(pxi.o)
                0x02003524                pxiSetHandler
 .text.pxiSetMailbox
                0x02003598       0x68 /opt/devkitpro/calico/lib/libcalico_ds9.a(pxi.o)
                0x02003598                pxiSetMailbox
 .text.pxiWaitRemote
                0x02003600       0x38 /opt/devkitpro/calico/lib/libcalico_ds9.a(pxi.o)
                0x02003600                pxiWaitRemote
 .text.pxiSendPacket
                0x02003638       0x50 /opt/devkitpro/calico/lib/libcalico_ds9.a(pxi.o)
                0x02003638                pxiSendPacket
 .text.systemUserStartup
                0x02003688        0x4 /opt/devkitpro/calico/lib/libcalico_ds9.a(sys_startup.o)
                0x02003688                systemUserStartup
 .text.systemStartup
                0x0200368c      0x104 /opt/devkitpro/calico/lib/libcalico_ds9.a(sys_startup.o)
                0x0200368c                systemStartup
 .text.irqSet   0x02003790       0x64 /opt/devkitpro/calico/lib/libcalico_ds9.a(irq.o)
                0x02003790                irqSet
 .text.threadUpdateDynamicPrio
                0x020037f4      0x1cc /opt/devkitpro/calico/lib/libcalico_ds9.a(mutex.o)
 .text.threadRemoveWaiter
                0x020039c0      0x1c8 /opt/devkitpro/calico/lib/libcalico_ds9.a(mutex.o)
 .text.mutexLock
                0x02003b88      0x150 /opt/devkitpro/calico/lib/libcalico_ds9.a(mutex.o)
                0x02003b88                mutexLock
 .text.mutexUnlock
                0x02003cd8       0xd0 /opt/devkitpro/calico/lib/libcalico_ds9.a(mutex.o)
                0x02003cd8                mutexUnlock
 .text.mailboxTrySend
                0x02003da8       0x98 /opt/devkitpro/calico/lib/libcalico_ds9.a(mailbox.o)
                0x02003da8                mailboxTrySend
 .text.mailboxRecv
                0x02003e40       0x98 /opt/devkitpro/calico/lib/libcalico_ds9.a(mailbox.o)
                0x02003e40                mailboxRecv
 .text._pmCallEventHandlers
                0x02003ed8       0x40 /opt/devkitpro/calico/lib/libcalico_ds9.a(pm.o)
 .text._pmPxiThreadMain
                0x02003f18       0xa0 /opt/devkitpro/calico/lib/libcalico_ds9.a(pm.o)
 .text._pmResetPxiHandler
                0x02003fb8       0x28 /opt/devkitpro/calico/lib/libcalico_ds9.a(pm.o)
 .text.systemUserExit
                0x02003fe0        0x4 /opt/devkitpro/calico/lib/libcalico_ds9.a(pm.o)
                0x02003fe0                systemUserExit
 .text.systemErrorExit
                0x02003fe4        0x4 /opt/devkitpro/calico/lib/libcalico_ds9.a(pm.o)
                0x02003fe4                systemErrorExit
 .text.__syscall_exit
                0x02003fe8      0x138 /opt/devkitpro/calico/lib/libcalico_ds9.a(pm.o)
                0x02003fe8                __syscall_exit
 .text.pmInit   0x02004120       0x58 /opt/devkitpro/calico/lib/libcalico_ds9.a(pm.o)
                0x02004120                pmInit
 .text          0x02004178      0x150 /opt/devkitpro/devkitARM/bin/../lib/gcc/arm-none-eabi/15.1.0/thumb/libgcc.a(_divsi3.o)
                0x02004178                __aeabi_idiv
                0x02004178                __divsi3
                0x020042a8                __aeabi_idivmod
 .text          0x020042c8        0x4 /opt/devkitpro/devkitARM/bin/../lib/gcc/arm-none-eabi/15.1.0/thumb/libgcc.a(_dvmd_tls.o)
                0x020042c8                __aeabi_ldiv0
                0x020042c8                __aeabi_idiv0
 .text          0x020042cc       0x3c /opt/devkitpro/devkitARM/bin/../lib/gcc/arm-none-eabi/15.1.0/thumb/libgcc.a(_aeabi_uldivmod.o)
                0x020042cc                __aeabi_uldivmod
 .text.__udivmoddi4
                0x02004308      0x194 /opt/devkitpro/devkitARM/bin/../lib/gcc/arm-none-eabi/15.1.0/thumb/libgcc.a(_udivmoddi4.o)
                0x02004308                __udivmoddi4
 .text          0x0200449c       0x28 /opt/devkitpro/devkitARM/bin/../lib/gcc/arm-none-eabi/15.1.0/thumb/libgcc.a(_clzdi2.o)
                0x0200449c                __clzdi2
 .text          0x020044c4       0x48 /opt/devkitpro/devkitARM/bin/../lib/gcc/arm-none-eabi/15.1.0/thumb/libgcc.a(_clzsi2.o)
                0x020044c4                __clzsi2
 .text.strlen   0x0200450c       0x60 /opt/devkitpro/devkitARM/bin/../lib/gcc/arm-none-eabi/15.1.0/../../../../arm-none-eabi/lib/thumb/libg.a(libc_a-strlen.o)
                0x0200450c                strlen
 .text.sprintf  0x0200456c       0x44 /opt/devkitpro/devkitARM/bin/../lib/gcc/arm-none-eabi/15.1.0/../../../../arm-none-eabi/lib/thumb/libg.a(libc_a-sprintf.o)
                0x0200456c                sprintf
 .text.__libc_init_array
                0x020045b0       0x54 /opt/devkitpro/devkitARM/bin/../lib/gcc/arm-none-eabi/15.1.0/../../../../arm-none-eabi/lib/thumb/libg.a(libc_a-init.o)
                0x020045b0                __libc_init_array
 .text.siscanf  0x02004604       0x50 /opt/devkitpro/devkitARM/bin/../lib/gcc/arm-none-eabi/15.1.0/../../../../arm-none-eabi/lib/thumb/libg.a(libc_a-siscanf.o)
                0x02004604                siscanf
 .text._malloc_r
                0x02004654      0x550 /opt/devkitpro/devkitARM/bin/../lib/gcc/arm-none-eabi/15.1.0/../../../../arm-none-eabi/lib/thumb/libg.a(libc_a-mallocr.o)
                0x02004654                _malloc_r
 .text._malloc_trim_r
                0x02004ba4       0xac /opt/devkitpro/devkitARM/bin/../lib/gcc/arm-none-eabi/15.1.0/../../../../arm-none-eabi/lib/thumb/libg.a(libc_a-freer.o)
                0x02004ba4                _malloc_trim_r
 .text._free_r  0x02004c50      0x1d8 /opt/devkitpro/devkitARM/bin/../lib/gcc/arm-none-eabi/15.1.0/../../../../arm-none-eabi/lib/thumb/libg.a(libc_a-freer.o)
                0x02004c50                _free_r
 .text.get_arg  0x02004e28      0x404 /opt/devkitpro/devkitARM/bin/../lib/gcc/arm-none-eabi/15.1.0/../../../../arm-none-eabi/lib/thumb/libg.a(libc_a-svfprintf.o)
 .text._svfprintf_r
                0x0200522c     0x22d8 /opt/devkitpro/devkitARM/bin/../lib/gcc/arm-none-eabi/15.1.0/../../../../arm-none-eabi/lib/thumb/libg.a(libc_a-svfprintf.o)
                0x0200522c                _svfprintf_r
 .text.printf   0x02007504       0x28 /opt/devkitpro/devkitARM/bin/../lib/gcc/arm-none-eabi/15.1.0/../../../../arm-none-eabi/lib/thumb/libg.a(libc_a-printf.o)
                0x02007504                printf
 .text.memset   0x0200752c       0x8c /opt/devkitpro/devkitARM/bin/../lib/gcc/arm-none-eabi/15.1.0/../../../../arm-none-eabi/lib/thumb/libg.a(libc_a-memset.o)
                0x0200752c                memset
 .text.__malloc_lock
                0x020075b8       0x14 /opt/devkitpro/devkitARM/bin/../lib/gcc/arm-none-eabi/15.1.0/../../../../arm-none-eabi/lib/thumb/libg.a(libc_a-mlock.o)
                0x020075b8                __malloc_lock
 .text.__malloc_unlock
                0x020075cc       0x14 /opt/devkitpro/devkitARM/bin/../lib/gcc/arm-none-eabi/15.1.0/../../../../arm-none-eabi/lib/thumb/libg.a(libc_a-mlock.o)
                0x020075cc                __malloc_unlock
 .text.__call_exitprocs
                0x020075e0        0xc /opt/devkitpro/devkitARM/bin/../lib/gcc/arm-none-eabi/15.1.0/../../../../arm-none-eabi/lib/thumb/libg.a(libc_a-exit.o)
                0x020075e0                __call_exitprocs
 .text.setvbuf  0x020075ec      0x1ac /opt/devkitpro/devkitARM/bin/../lib/gcc/arm-none-eabi/15.1.0/../../../../arm-none-eabi/lib/thumb/libg.a(libc_a-setvbuf.o)
                0x020075ec                setvbuf
 .text.strncpy  0x02007798       0x68 /opt/devkitpro/devkitARM/bin/../lib/gcc/arm-none-eabi/15.1.0/../../../../arm-none-eabi/lib/thumb/libg.a(libc_a-strncpy.o)
                0x02007798                strncpy
 .text.memcpy   0x02007800       0xb0 /opt/devkitpro/devkitARM/bin/../lib/gcc/arm-none-eabi/15.1.0/../../../../arm-none-eabi/lib/thumb/libg.a(libc_a-memcpy-stub.o)
                0x02007800                memcpy
 .text._wcsrtombs_r
                0x020078b0       0x20 /opt/devkitpro/devkitARM/bin/../lib/gcc/arm-none-eabi/15.1.0/../../../../arm-none-eabi/lib/thumb/libg.a(libc_a-wcsrtombs.o)
                0x020078b0                _wcsrtombs_r
 .text.iprintf  0x020078d0       0x28 /opt/devkitpro/devkitARM/bin/../lib/gcc/arm-none-eabi/15.1.0/../../../../arm-none-eabi/lib/thumb/libg.a(libc_a-iprintf.o)
                0x020078d0                iprintf
 .text.frexp    0x020078f8       0x74 /opt/devkitpro/devkitARM/bin/../lib/gcc/arm-none-eabi/15.1.0/../../../../arm-none-eabi/lib/thumb/libg.a(libm_a-s_frexp.o)
                0x020078f8                frexp
 .text.__sread  0x0200796c       0x34 /opt/devkitpro/devkitARM/bin/../lib/gcc/arm-none-eabi/15.1.0/../../../../arm-none-eabi/lib/thumb/libg.a(libc_a-stdio.o)
                0x0200796c                __sread
 .text.__seofread
                0x020079a0        0x4 /opt/devkitpro/devkitARM/bin/../lib/gcc/arm-none-eabi/15.1.0/../../../../arm-none-eabi/lib/thumb/libg.a(libc_a-stdio.o)
                0x020079a0                __seofread
 .text.__swrite
                0x020079a4       0x4c /opt/devkitpro/devkitARM/bin/../lib/gcc/arm-none-eabi/15.1.0/../../../../arm-none-eabi/lib/thumb/libg.a(libc_a-stdio.o)
                0x020079a4                __swrite
 .text.__sseek  0x020079f0       0x3c /opt/devkitpro/devkitARM/bin/../lib/gcc/arm-none-eabi/15.1.0/../../../../arm-none-eabi/lib/thumb/libg.a(libc_a-stdio.o)
                0x020079f0                __sseek
 .text.__sclose
                0x02007a2c       0x10 /opt/devkitpro/devkitARM/bin/../lib/gcc/arm-none-eabi/15.1.0/../../../../arm-none-eabi/lib/thumb/libg.a(libc_a-stdio.o)
                0x02007a2c                __sclose
 .text.__locale_mb_cur_max
                0x02007a3c       0x20 /opt/devkitpro/devkitARM/bin/../lib/gcc/arm-none-eabi/15.1.0/../../../../arm-none-eabi/lib/thumb/libg.a(libc_a-locale.o)
                0x02007a3c                __locale_mb_cur_max
 .text.__ssprint_r
                0x02007a5c       0x60 /opt/devkitpro/devkitARM/bin/../lib/gcc/arm-none-eabi/15.1.0/../../../../arm-none-eabi/lib/thumb/libg.a(libc_a-ssprint_r.o)
                0x02007a5c                __ssprint_r
 .text.get_arg  0x02007abc      0x404 /opt/devkitpro/devkitARM/bin/../lib/gcc/arm-none-eabi/15.1.0/../../../../arm-none-eabi/lib/thumb/libg.a(libc_a-vfiprintf.o)
 .text._vfiprintf_r
                0x02007ec0     0x16d0 /opt/devkitpro/devkitARM/bin/../lib/gcc/arm-none-eabi/15.1.0/../../../../arm-none-eabi/lib/thumb/libg.a(libc_a-vfiprintf.o)
                0x02007ec0                _vfiprintf_r
 .text.__sbprintf
                0x02009590       0x7c /opt/devkitpro/devkitARM/bin/../lib/gcc/arm-none-eabi/15.1.0/../../../../arm-none-eabi/lib/thumb/libg.a(libc_a-vfiprintf.o)
 .text._wcsnrtombs_l
                0x0200960c      0x11c /opt/devkitpro/devkitARM/bin/../lib/gcc/arm-none-eabi/15.1.0/../../../../arm-none-eabi/lib/thumb/libg.a(libc_a-wcsnrtombs.o)
                0x0200960c                _wcsnrtombs_l
 .text._wcsnrtombs_r
                0x02009728       0x40 /opt/devkitpro/devkitARM/bin/../lib/gcc/arm-none-eabi/15.1.0/../../../../arm-none-eabi/lib/thumb/libg.a(libc_a-wcsnrtombs.o)
                0x02009728                _wcsnrtombs_r
 .text.get_arg  0x02009768       0x3e /opt/devkitpro/devkitARM/bin/../lib/gcc/arm-none-eabi/15.1.0/../../../../arm-none-eabi/lib/thumb/libg.a(libc_a-svfiscanf.o)
 .text._sungetc_r
                0x020097a6       0x7e /opt/devkitpro/devkitARM/bin/../lib/gcc/arm-none-eabi/15.1.0/../../../../arm-none-eabi/lib/thumb/libg.a(libc_a-svfiscanf.o)
                0x020097a6                _sungetc_r
 .text.__ssrefill_r
                0x02009824       0x42 /opt/devkitpro/devkitARM/bin/../lib/gcc/arm-none-eabi/15.1.0/../../../../arm-none-eabi/lib/thumb/libg.a(libc_a-svfiscanf.o)
                0x02009824                __ssrefill_r
 .text._sfread_r
                0x02009866       0x88 /opt/devkitpro/devkitARM/bin/../lib/gcc/arm-none-eabi/15.1.0/../../../../arm-none-eabi/lib/thumb/libg.a(libc_a-svfiscanf.o)
                0x02009866                _sfread_r
 *fill*         0x020098ee        0x2 ff
 .text.__ssvfiscanf_r
                0x020098f0     0x1984 /opt/devkitpro/devkitARM/bin/../lib/gcc/arm-none-eabi/15.1.0/../../../../arm-none-eabi/lib/thumb/libg.a(libc_a-svfiscanf.o)
                0x020098f0                __ssvfiscanf_r
 .text.stdio_exit_handler
                0x0200b274       0x20 /opt/devkitpro/devkitARM/bin/../lib/gcc/arm-none-eabi/15.1.0/../../../../arm-none-eabi/lib/thumb/libg.a(libc_a-findfp.o)
 .text.cleanup_stdio
                0x0200b294       0x40 /opt/devkitpro/devkitARM/bin/../lib/gcc/arm-none-eabi/15.1.0/../../../../arm-none-eabi/lib/thumb/libg.a(libc_a-findfp.o)
 .text.global_stdio_init.part.0
                0x0200b2d4      0x120 /opt/devkitpro/devkitARM/bin/../lib/gcc/arm-none-eabi/15.1.0/../../../../arm-none-eabi/lib/thumb/libg.a(libc_a-findfp.o)
 .text.__sinit  0x0200b3f4       0x3c /opt/devkitpro/devkitARM/bin/../lib/gcc/arm-none-eabi/15.1.0/../../../../arm-none-eabi/lib/thumb/libg.a(libc_a-findfp.o)
                0x0200b3f4                __sinit
 .text.__sfp_lock_acquire
                0x0200b430       0x14 /opt/devkitpro/devkitARM/bin/../lib/gcc/arm-none-eabi/15.1.0/../../../../arm-none-eabi/lib/thumb/libg.a(libc_a-findfp.o)
                0x0200b430                __sfp_lock_acquire
 .text.__sfp_lock_release
                0x0200b444       0x14 /opt/devkitpro/devkitARM/bin/../lib/gcc/arm-none-eabi/15.1.0/../../../../arm-none-eabi/lib/thumb/libg.a(libc_a-findfp.o)
                0x0200b444                __sfp_lock_release
 .text._strtoul_l.isra.0
                0x0200b458      0x150 /opt/devkitpro/devkitARM/bin/../lib/gcc/arm-none-eabi/15.1.0/../../../../arm-none-eabi/lib/thumb/libg.a(libc_a-strtoul.o)
 .text._strtoul_r
                0x0200b5a8       0x20 /opt/devkitpro/devkitARM/bin/../lib/gcc/arm-none-eabi/15.1.0/../../../../arm-none-eabi/lib/thumb/libg.a(libc_a-strtoul.o)
                0x0200b5a8                _strtoul_r
 .text.__utf8_mbtowc
                0x0200b5c8      0x24c /opt/devkitpro/devkitARM/bin/../lib/gcc/arm-none-eabi/15.1.0/../../../../arm-none-eabi/lib/thumb/libg.a(libc_a-mbtowc_r.o)
                0x0200b5c8                __utf8_mbtowc
 .text._fwalk_sglue
                0x0200b814       0x4c /opt/devkitpro/devkitARM/bin/../lib/gcc/arm-none-eabi/15.1.0/../../../../arm-none-eabi/lib/thumb/libg.a(libc_a-fwalk.o)
                0x0200b814                _fwalk_sglue
 .text.__sprint_r
                0x0200b860       0x24 /opt/devkitpro/devkitARM/bin/../lib/gcc/arm-none-eabi/15.1.0/../../../../arm-none-eabi/lib/thumb/libg.a(libc_a-sprint_r.o)
                0x0200b860                __sprint_r
 .text.iswspace
                0x0200b884       0x10 /opt/devkitpro/devkitARM/bin/../lib/gcc/arm-none-eabi/15.1.0/../../../../arm-none-eabi/lib/thumb/libg.a(libc_a-iswspace.o)
                0x0200b884                iswspace
 .text._localeconv_r
                0x0200b894       0x1c /opt/devkitpro/devkitARM/bin/../lib/gcc/arm-none-eabi/15.1.0/../../../../arm-none-eabi/lib/thumb/libg.a(libc_a-localeconv.o)
                0x0200b894                _localeconv_r
 .text.get_arg  0x0200b8b0      0x404 /opt/devkitpro/devkitARM/bin/../lib/gcc/arm-none-eabi/15.1.0/../../../../arm-none-eabi/lib/thumb/libg.a(libc_a-vfprintf.o)
 .text._vfprintf_r
                0x0200bcb4     0x2390 /opt/devkitpro/devkitARM/bin/../lib/gcc/arm-none-eabi/15.1.0/../../../../arm-none-eabi/lib/thumb/libg.a(libc_a-vfprintf.o)
                0x0200bcb4                _vfprintf_r
 .text.__sbprintf
                0x0200e044       0x7c /opt/devkitpro/devkitARM/bin/../lib/gcc/arm-none-eabi/15.1.0/../../../../arm-none-eabi/lib/thumb/libg.a(libc_a-vfprintf.o)
 .text.realloc  0x0200e0c0       0x18 /opt/devkitpro/devkitARM/bin/../lib/gcc/arm-none-eabi/15.1.0/../../../../arm-none-eabi/lib/thumb/libg.a(libc_a-realloc.o)
                0x0200e0c0                realloc
 .text.memchr   0x0200e0d8       0x74 /opt/devkitpro/devkitARM/bin/../lib/gcc/arm-none-eabi/15.1.0/../../../../arm-none-eabi/lib/thumb/libg.a(libc_a-memchr-stub.o)
                0x0200e0d8                memchr
 .text.quorem   0x0200e14c      0x160 /opt/devkitpro/devkitARM/bin/../lib/gcc/arm-none-eabi/15.1.0/../../../../arm-none-eabi/lib/thumb/libg.a(libc_a-dtoa.o)
 .text._dtoa_r  0x0200e2ac     0x10b0 /opt/devkitpro/devkitARM/bin/../lib/gcc/arm-none-eabi/15.1.0/../../../../arm-none-eabi/lib/thumb/libg.a(libc_a-dtoa.o)
                0x0200e2ac                _dtoa_r
 .text._wcrtomb_r
                0x0200f35c       0x84 /opt/devkitpro/devkitARM/bin/../lib/gcc/arm-none-eabi/15.1.0/../../../../arm-none-eabi/lib/thumb/libg.a(libc_a-wcrtomb.o)
                0x0200f35c                _wcrtomb_r
 .text._strtol_l.part.0
                0x0200f3e0      0x25c /opt/devkitpro/devkitARM/bin/../lib/gcc/arm-none-eabi/15.1.0/../../../../arm-none-eabi/lib/thumb/libg.a(libc_a-strtol.o)
 .text._strtol_r
                0x0200f63c       0x34 /opt/devkitpro/devkitARM/bin/../lib/gcc/arm-none-eabi/15.1.0/../../../../arm-none-eabi/lib/thumb/libg.a(libc_a-strtol.o)
                0x0200f63c                _strtol_r
 .text.__libc_fini_array
                0x0200f670       0x30 /opt/devkitpro/devkitARM/bin/../lib/gcc/arm-none-eabi/15.1.0/../../../../arm-none-eabi/lib/thumb/libg.a(libc_a-fini.o)
                0x0200f670                __libc_fini_array
 .text.malloc   0x0200f6a0       0x28 /opt/devkitpro/devkitARM/bin/../lib/gcc/arm-none-eabi/15.1.0/../../../../arm-none-eabi/lib/thumb/libg.a(libc_a-malloc.o)
                0x0200f6a0                malloc
 .text.free     0x0200f6c8       0x14 /opt/devkitpro/devkitARM/bin/../lib/gcc/arm-none-eabi/15.1.0/../../../../arm-none-eabi/lib/thumb/libg.a(libc_a-malloc.o)
                0x0200f6c8                free
 .text.__sccl   0x0200f6dc       0xb0 /opt/devkitpro/devkitARM/bin/../lib/gcc/arm-none-eabi/15.1.0/../../../../arm-none-eabi/lib/thumb/libg.a(libc_a-sccl.o)
                0x0200f6dc                __sccl
 .text.__sflush_r
                0x0200f78c      0x180 /opt/devkitpro/devkitARM/bin/../lib/gcc/arm-none-eabi/15.1.0/../../../../arm-none-eabi/lib/thumb/libg.a(libc_a-fflush.o)
                0x0200f78c                __sflush_r
 .text._fflush_r
                0x0200f90c       0x70 /opt/devkitpro/devkitARM/bin/../lib/gcc/arm-none-eabi/15.1.0/../../../../arm-none-eabi/lib/thumb/libg.a(libc_a-fflush.o)
                0x0200f90c                _fflush_r
 .text.__smakebuf_r
                0x0200f97c       0xe0 /opt/devkitpro/devkitARM/bin/../lib/gcc/arm-none-eabi/15.1.0/../../../../arm-none-eabi/lib/thumb/libg.a(libc_a-makebuf.o)
                0x0200f97c                __smakebuf_r
 .text.__swhatbuf_r
                0x0200fa5c       0x5c /opt/devkitpro/devkitARM/bin/../lib/gcc/arm-none-eabi/15.1.0/../../../../arm-none-eabi/lib/thumb/libg.a(libc_a-makebuf.o)
                0x0200fa5c                __swhatbuf_r
 .text._realloc_r
                0x0200fab8      0x344 /opt/devkitpro/devkitARM/bin/../lib/gcc/arm-none-eabi/15.1.0/../../../../arm-none-eabi/lib/thumb/libg.a(libc_a-reallocr.o)
                0x0200fab8                _realloc_r
 .text.__ssputs_r
                0x0200fdfc       0xd4 /opt/devkitpro/devkitARM/bin/../lib/gcc/arm-none-eabi/15.1.0/../../../../arm-none-eabi/lib/thumb/libg.a(libc_a-ssputs_r.o)
                0x0200fdfc                __ssputs_r
 .text.__utf8_wctomb
                0x0200fed0       0xbc /opt/devkitpro/devkitARM/bin/../lib/gcc/arm-none-eabi/15.1.0/../../../../arm-none-eabi/lib/thumb/libg.a(libc_a-wctomb_r.o)
                0x0200fed0                __utf8_wctomb
 .text._strtoull_l.isra.0
                0x0200ff8c      0x1c0 /opt/devkitpro/devkitARM/bin/../lib/gcc/arm-none-eabi/15.1.0/../../../../arm-none-eabi/lib/thumb/libg.a(libc_a-strtoull.o)
 .text._strtoull_r
                0x0201014c       0x20 /opt/devkitpro/devkitARM/bin/../lib/gcc/arm-none-eabi/15.1.0/../../../../arm-none-eabi/lib/thumb/libg.a(libc_a-strtoull.o)
                0x0201014c                _strtoull_r
 .text._mbrtowc_r
                0x0201016c       0x98 /opt/devkitpro/devkitARM/bin/../lib/gcc/arm-none-eabi/15.1.0/../../../../arm-none-eabi/lib/thumb/libg.a(libc_a-mbrtowc.o)
                0x0201016c                _mbrtowc_r
 .text.__swsetup_r
                0x02010204       0xd4 /opt/devkitpro/devkitARM/bin/../lib/gcc/arm-none-eabi/15.1.0/../../../../arm-none-eabi/lib/thumb/libg.a(libc_a-wsetup.o)
                0x02010204                __swsetup_r
 .text.__sfvwrite_r
                0x020102d8      0x31c /opt/devkitpro/devkitARM/bin/../lib/gcc/arm-none-eabi/15.1.0/../../../../arm-none-eabi/lib/thumb/libg.a(libc_a-fvwrite.o)
                0x020102d8                __sfvwrite_r
 .text.memmove  0x020105f4       0xcc /opt/devkitpro/devkitARM/bin/../lib/gcc/arm-none-eabi/15.1.0/../../../../arm-none-eabi/lib/thumb/libg.a(libc_a-memmove.o)
                0x020105f4                memmove
 .text.__assert_func
                0x020106c0       0x40 /opt/devkitpro/devkitARM/bin/../lib/gcc/arm-none-eabi/15.1.0/../../../../arm-none-eabi/lib/thumb/libg.a(libc_a-assert.o)
                0x020106c0                __assert_func
 .text.iswspace_l
                0x02010700       0x28 /opt/devkitpro/devkitARM/bin/../lib/gcc/arm-none-eabi/15.1.0/../../../../arm-none-eabi/lib/thumb/libg.a(libc_a-iswspace_l.o)
                0x02010700                iswspace_l
 .text._Balloc  0x02010728       0x5c /opt/devkitpro/devkitARM/bin/../lib/gcc/arm-none-eabi/15.1.0/../../../../arm-none-eabi/lib/thumb/libg.a(libc_a-mprec.o)
                0x02010728                _Balloc
 .text._Bfree   0x02010784       0x14 /opt/devkitpro/devkitARM/bin/../lib/gcc/arm-none-eabi/15.1.0/../../../../arm-none-eabi/lib/thumb/libg.a(libc_a-mprec.o)
                0x02010784                _Bfree
 .text.__multadd
                0x02010798       0xa8 /opt/devkitpro/devkitARM/bin/../lib/gcc/arm-none-eabi/15.1.0/../../../../arm-none-eabi/lib/thumb/libg.a(libc_a-mprec.o)
                0x02010798                __multadd
 .text.__hi0bits
                0x02010840       0x60 /opt/devkitpro/devkitARM/bin/../lib/gcc/arm-none-eabi/15.1.0/../../../../arm-none-eabi/lib/thumb/libg.a(libc_a-mprec.o)
                0x02010840                __hi0bits
 .text.__lo0bits
                0x020108a0       0x8c /opt/devkitpro/devkitARM/bin/../lib/gcc/arm-none-eabi/15.1.0/../../../../arm-none-eabi/lib/thumb/libg.a(libc_a-mprec.o)
                0x020108a0                __lo0bits
 .text.__i2b    0x0201092c       0x64 /opt/devkitpro/devkitARM/bin/../lib/gcc/arm-none-eabi/15.1.0/../../../../arm-none-eabi/lib/thumb/libg.a(libc_a-mprec.o)
                0x0201092c                __i2b
 .text.__multiply
                0x02010990      0x1b4 /opt/devkitpro/devkitARM/bin/../lib/gcc/arm-none-eabi/15.1.0/../../../../arm-none-eabi/lib/thumb/libg.a(libc_a-mprec.o)
                0x02010990                __multiply
 .text.__pow5mult
                0x02010b44       0xd8 /opt/devkitpro/devkitARM/bin/../lib/gcc/arm-none-eabi/15.1.0/../../../../arm-none-eabi/lib/thumb/libg.a(libc_a-mprec.o)
                0x02010b44                __pow5mult
 .text.__lshift
                0x02010c1c       0xf8 /opt/devkitpro/devkitARM/bin/../lib/gcc/arm-none-eabi/15.1.0/../../../../arm-none-eabi/lib/thumb/libg.a(libc_a-mprec.o)
                0x02010c1c                __lshift
 .text.__mcmp   0x02010d14       0x50 /opt/devkitpro/devkitARM/bin/../lib/gcc/arm-none-eabi/15.1.0/../../../../arm-none-eabi/lib/thumb/libg.a(libc_a-mprec.o)
                0x02010d14                __mcmp
 .text.__mdiff  0x02010d64      0x1a4 /opt/devkitpro/devkitARM/bin/../lib/gcc/arm-none-eabi/15.1.0/../../../../arm-none-eabi/lib/thumb/libg.a(libc_a-mprec.o)
                0x02010d64                __mdiff
 .text.__d2b    0x02010f08       0xd4 /opt/devkitpro/devkitARM/bin/../lib/gcc/arm-none-eabi/15.1.0/../../../../arm-none-eabi/lib/thumb/libg.a(libc_a-mprec.o)
                0x02010f08                __d2b
 .text._fclose_r
                0x02010fdc       0xdc /opt/devkitpro/devkitARM/bin/../lib/gcc/arm-none-eabi/15.1.0/../../../../arm-none-eabi/lib/thumb/libg.a(libc_a-fclose.o)
                0x02010fdc                _fclose_r
 .text._strtoll_l.isra.0
                0x020110b8      0x300 /opt/devkitpro/devkitARM/bin/../lib/gcc/arm-none-eabi/15.1.0/../../../../arm-none-eabi/lib/thumb/libg.a(libc_a-strtoll.o)
 .text._strtoll_r
                0x020113b8       0x20 /opt/devkitpro/devkitARM/bin/../lib/gcc/arm-none-eabi/15.1.0/../../../../arm-none-eabi/lib/thumb/libg.a(libc_a-strtoll.o)
                0x020113b8                _strtoll_r
 .text.__submore
                0x020113d8       0x7c /opt/devkitpro/devkitARM/bin/../lib/gcc/arm-none-eabi/15.1.0/../../../../arm-none-eabi/lib/thumb/libg.a(libc_a-ungetc.o)
                0x020113d8                __submore
 .text.fiprintf
                0x02011454       0x28 /opt/devkitpro/devkitARM/bin/../lib/gcc/arm-none-eabi/15.1.0/../../../../arm-none-eabi/lib/thumb/libg.a(libc_a-fiprintf.o)
                0x02011454                fiprintf
 .text._memalign_r
                0x0201147c      0x118 /opt/devkitpro/devkitARM/bin/../lib/gcc/arm-none-eabi/15.1.0/../../../../arm-none-eabi/lib/thumb/libg.a(libc_a-malignr.o)
                0x0201147c                _memalign_r
 .text.abort    0x02011594       0x10 /opt/devkitpro/devkitARM/bin/../lib/gcc/arm-none-eabi/15.1.0/../../../../arm-none-eabi/lib/thumb/libg.a(libc_a-abort.o)
                0x02011594                abort
 .text._calloc_r
                0x020115a4       0xcc /opt/devkitpro/devkitARM/bin/../lib/gcc/arm-none-eabi/15.1.0/../../../../arm-none-eabi/lib/thumb/libg.a(libc_a-callocr.o)
                0x020115a4                _calloc_r
 .text.category
                0x02011670       0x5c /opt/devkitpro/devkitARM/bin/../lib/gcc/arm-none-eabi/15.1.0/../../../../arm-none-eabi/lib/thumb/libg.a(libc_a-categories.o)
                0x02011670                category
 .text._raise_r
                0x020116cc       0x60 /opt/devkitpro/devkitARM/bin/../lib/gcc/arm-none-eabi/15.1.0/../../../../arm-none-eabi/lib/thumb/libg.a(libc_a-signal.o)
                0x020116cc                _raise_r
 .text.raise    0x0201172c       0x14 /opt/devkitpro/devkitARM/bin/../lib/gcc/arm-none-eabi/15.1.0/../../../../arm-none-eabi/lib/thumb/libg.a(libc_a-signal.o)
                0x0201172c                raise
 .text._exit    0x02011740       0x14 /opt/devkitpro/devkitARM/bin/../lib/gcc/arm-none-eabi/15.1.0/../../../../arm-none-eabi/lib/thumb/libsysbase.a(libsysbase_libsysbase_a-_exit.o)
                0x02011740                _exit
 .text._fstat_r
                0x02011754       0x5c /opt/devkitpro/devkitARM/bin/../lib/gcc/arm-none-eabi/15.1.0/../../../../arm-none-eabi/lib/thumb/libsysbase.a(libsysbase_libsysbase_a-fstat.o)
                0x02011754                _fstat_r
 .text._getpid_r
                0x020117b0        0xc /opt/devkitpro/devkitARM/bin/../lib/gcc/arm-none-eabi/15.1.0/../../../../arm-none-eabi/lib/thumb/libsysbase.a(libsysbase_libsysbase_a-getpid.o)
                0x020117b0                _getpid_r
 .text.__getreent
                0x020117bc       0x20 /opt/devkitpro/devkitARM/bin/../lib/gcc/arm-none-eabi/15.1.0/../../../../arm-none-eabi/lib/thumb/libsysbase.a(libsysbase_libsysbase_a-getreent.o)
                0x020117bc                __getreent
 .text.__get_handle
                0x020117dc       0x34 /opt/devkitpro/devkitARM/bin/../lib/gcc/arm-none-eabi/15.1.0/../../../../arm-none-eabi/lib/thumb/libsysbase.a(libsysbase_libsysbase_a-handle_manager.o)
                0x020117dc                __get_handle
 .text._close_r
                0x02011810       0xb0 /opt/devkitpro/devkitARM/bin/../lib/gcc/arm-none-eabi/15.1.0/../../../../arm-none-eabi/lib/thumb/libsysbase.a(libsysbase_libsysbase_a-handle_manager.o)
                0x02011810                _close_r
 .text.null_write
                0x020118c0        0x4 /opt/devkitpro/devkitARM/bin/../lib/gcc/arm-none-eabi/15.1.0/../../../../arm-none-eabi/lib/thumb/libsysbase.a(libsysbase_libsysbase_a-iosupport.o)
 .text._isatty_r
                0x020118c4        0x4 /opt/devkitpro/devkitARM/bin/../lib/gcc/arm-none-eabi/15.1.0/../../../../arm-none-eabi/lib/thumb/libsysbase.a(libsysbase_libsysbase_a-isatty.o)
                0x020118c4                _isatty_r
 .text._kill_r  0x020118c8        0xc /opt/devkitpro/devkitARM/bin/../lib/gcc/arm-none-eabi/15.1.0/../../../../arm-none-eabi/lib/thumb/libsysbase.a(libsysbase_libsysbase_a-kill.o)
                0x020118c8                _kill_r
 .text._lseek_r
                0x020118d4       0x64 /opt/devkitpro/devkitARM/bin/../lib/gcc/arm-none-eabi/15.1.0/../../../../arm-none-eabi/lib/thumb/libsysbase.a(libsysbase_libsysbase_a-lseek.o)
                0x020118d4                _lseek_r
 .text._read_r  0x02011938       0x5c /opt/devkitpro/devkitARM/bin/../lib/gcc/arm-none-eabi/15.1.0/../../../../arm-none-eabi/lib/thumb/libsysbase.a(libsysbase_libsysbase_a-read.o)
                0x02011938                _read_r
 .text._sbrk_r  0x02011994       0x50 /opt/devkitpro/devkitARM/bin/../lib/gcc/arm-none-eabi/15.1.0/../../../../arm-none-eabi/lib/thumb/libsysbase.a(libsysbase_libsysbase_a-sbrk.o)
                0x02011994                _sbrk_r
 .text.__libc_lock_acquire
                0x020119e4       0x18 /opt/devkitpro/devkitARM/bin/../lib/gcc/arm-none-eabi/15.1.0/../../../../arm-none-eabi/lib/thumb/libsysbase.a(libsysbase_libsysbase_a-syscall_support.o)
                0x020119e4                __libc_lock_acquire
 .text.__libc_lock_release
                0x020119fc       0x18 /opt/devkitpro/devkitARM/bin/../lib/gcc/arm-none-eabi/15.1.0/../../../../arm-none-eabi/lib/thumb/libsysbase.a(libsysbase_libsysbase_a-syscall_support.o)
                0x020119fc                __libc_lock_release
 .text.__libc_lock_acquire_recursive
                0x02011a14       0x18 /opt/devkitpro/devkitARM/bin/../lib/gcc/arm-none-eabi/15.1.0/../../../../arm-none-eabi/lib/thumb/libsysbase.a(libsysbase_libsysbase_a-syscall_support.o)
                0x02011a14                __libc_lock_acquire_recursive
 .text.__libc_lock_release_recursive
                0x02011a2c       0x18 /opt/devkitpro/devkitARM/bin/../lib/gcc/arm-none-eabi/15.1.0/../../../../arm-none-eabi/lib/thumb/libsysbase.a(libsysbase_libsysbase_a-syscall_support.o)
                0x02011a2c                __libc_lock_release_recursive
 .text._write_r
                0x02011a44       0x5c /opt/devkitpro/devkitARM/bin/../lib/gcc/arm-none-eabi/15.1.0/../../../../arm-none-eabi/lib/thumb/libsysbase.a(libsysbase_libsysbase_a-write.o)
                0x02011a44                _write_r
 .text          0x02011aa0       0x14 /opt/devkitpro/devkitARM/bin/../lib/gcc/arm-none-eabi/15.1.0/thumb/libgcc.a(_thumb1_case_uqi.o)
                0x02011aa0                __gnu_thumb1_case_uqi
 .text          0x02011ab4       0x14 /opt/devkitpro/devkitARM/bin/../lib/gcc/arm-none-eabi/15.1.0/thumb/libgcc.a(_thumb1_case_uhi.o)
                0x02011ab4                __gnu_thumb1_case_uhi
 .text          0x02011ac8      0x11c /opt/devkitpro/devkitARM/bin/../lib/gcc/arm-none-eabi/15.1.0/thumb/libgcc.a(_udivsi3.o)
                0x02011ac8                __udivsi3
                0x02011ac8                __aeabi_uidiv
                0x02011bc4                __aeabi_uidivmod
 .text          0x02011be4      0x424 /opt/devkitpro/devkitARM/bin/../lib/gcc/arm-none-eabi/15.1.0/thumb/libgcc.a(_arm_addsubdf3.o)
                0x02011be4                __aeabi_drsub
                0x02011bec                __subdf3
                0x02011bec                __aeabi_dsub
                0x02011bf0                __aeabi_dadd
                0x02011bf0                __adddf3
                0x02011f00                __aeabi_ui2d
                0x02011f00                __floatunsidf
                0x02011f24                __floatsidf
                0x02011f24                __aeabi_i2d
                0x02011f4c                __extendsfdf2
                0x02011f4c                __aeabi_f2d
                0x02011f94                __aeabi_ul2d
                0x02011f94                __floatundidf
                0x02011fa8                __aeabi_l2d
                0x02011fa8                __floatdidf
 .text          0x02012008      0x49c /opt/devkitpro/devkitARM/bin/../lib/gcc/arm-none-eabi/15.1.0/thumb/libgcc.a(_arm_muldivdf3.o)
                0x02012008                __aeabi_dmul
                0x02012008                __muldf3
                0x02012298                __aeabi_ddiv
                0x02012298                __divdf3
 .text          0x020124a4      0x144 /opt/devkitpro/devkitARM/bin/../lib/gcc/arm-none-eabi/15.1.0/thumb/libgcc.a(_arm_cmpdf2.o)
                0x020124a4                __gedf2
                0x020124a4                __gtdf2
                0x020124ac                __ledf2
                0x020124ac                __ltdf2
                0x020124b4                __cmpdf2
                0x020124b4                __eqdf2
                0x020124b4                __nedf2
                0x0201253c                __aeabi_cdrcmple
                0x02012558                __aeabi_cdcmple
                0x02012558                __aeabi_cdcmpeq
                0x02012570                __aeabi_dcmpeq
                0x02012588                __aeabi_dcmplt
                0x020125a0                __aeabi_dcmple
                0x020125b8                __aeabi_dcmpge
                0x020125d0                __aeabi_dcmpgt
 .text          0x020125e8       0x38 /opt/devkitpro/devkitARM/bin/../lib/gcc/arm-none-eabi/15.1.0/thumb/libgcc.a(_arm_unorddf2.o)
                0x020125e8                __aeabi_dcmpun
                0x020125e8                __unorddf2
 .text          0x02012620       0x5c /opt/devkitpro/devkitARM/bin/../lib/gcc/arm-none-eabi/15.1.0/thumb/libgcc.a(_arm_fixdfsi.o)
                0x02012620                __fixdfsi
                0x02012620                __aeabi_d2iz
 .text.__muldi3
                0x0201267c       0x58 /opt/devkitpro/devkitARM/bin/../lib/gcc/arm-none-eabi/15.1.0/thumb/libgcc.a(_muldi3.o)
                0x0201267c                __aeabi_lmul
                0x0201267c                __muldi3
 EXCLUDE_FILE(*.twl.*) *(.glue_7t .glue_7 .vfp11_veneer .v4_bx)
 .glue_7        0x020126d4        0x0 linker stubs
 .glue_7t       0x020126d4        0x0 linker stubs
 .vfp11_veneer  0x020126d4        0x0 linker stubs
 .v4_bx         0x020126d4        0x0 linker stubs
 *(SORT_NONE(.fini))
 .fini          0x020126d4        0x4 /opt/devkitpro/devkitARM/bin/../lib/gcc/arm-none-eabi/15.1.0/thumb/crti.o
                0x020126d4                _fini
 .fini          0x020126d8        0x8 /opt/devkitpro/devkitARM/bin/../lib/gcc/arm-none-eabi/15.1.0/thumb/crtn.o
 .fini.__stub   0x020126e0       0x10 linker stubs
 EXCLUDE_FILE(*.twl.*) *(.rodata .rodata.* .gnu.linkonce.r.*)
 .rodata        0x020126f0     0xc200 duck.o
                0x020126f0                duckBitmap
                0x0201e6f0                duckPal
 .rodata        0x0201e8f0     0xc200 duck_on_the_right.o
                0x0201e8f0                duck_on_the_rightBitmap
                0x0202a8f0                duck_on_the_rightPal
 .rodata        0x0202aaf0     0xc200 lemonade_sample.o
                0x0202aaf0                lemonade_sampleBitmap
                0x02036af0                lemonade_samplePal
 .rodata        0x02036cf0     0xc200 man.o
                0x02036cf0                manBitmap
                0x02042cf0                manPal
 .rodata.str1.4
                0x02042ef0      0x9f0 main.o
                                0x873 (size before relaxing)
 .rodata.con_write.str1.4
                0x020438e0       0x30 /opt/devkitpro/libnds/lib/libnds9.a(console.o)
 .rodata.con_write
                0x020438e0       0xd4 /opt/devkitpro/libnds/lib/libnds9.a(console.o)
 .rodata.consoleClear.str1.4
                0x020439b4        0x5 /opt/devkitpro/libnds/lib/libnds9.a(console.o)
 .rodata.str1.4
                0x020439b4       0x14 /opt/devkitpro/libnds/lib/libnds9.a(console.o)
 .rodata.dotab_stdout
                0x020439b4       0x80 /opt/devkitpro/libnds/lib/libnds9.a(console.o)
 .rodata.SIN_LUT
                0x02043a34      0x102 /opt/devkitpro/libnds/lib/libnds9.a(trig.o)
                0x02043a34                SIN_LUT
 *fill*         0x02043b36        0x2 ff
 .rodata.default_font_bin
                0x02043b38      0x800 /opt/devkitpro/libnds/lib/libnds9.a(default_font.bin.o)
                0x02043b38                default_font_bin
                0x02044338                default_font_bin_end
 .rodata._svfprintf_r.str1.1
                0x02044338       0x3b /opt/devkitpro/devkitARM/bin/../lib/gcc/arm-none-eabi/15.1.0/../../../../arm-none-eabi/lib/thumb/libg.a(libc_a-svfprintf.o)
 *fill*         0x02044373        0x1 ff
 .rodata.zeroes.0
                0x02044374       0x10 /opt/devkitpro/devkitARM/bin/../lib/gcc/arm-none-eabi/15.1.0/../../../../arm-none-eabi/lib/thumb/libg.a(libc_a-svfprintf.o)
 .rodata.blanks.1
                0x02044384       0x10 /opt/devkitpro/devkitARM/bin/../lib/gcc/arm-none-eabi/15.1.0/../../../../arm-none-eabi/lib/thumb/libg.a(libc_a-svfprintf.o)
 .rodata.__action_table
                0x02044394       0x6c /opt/devkitpro/devkitARM/bin/../lib/gcc/arm-none-eabi/15.1.0/../../../../arm-none-eabi/lib/thumb/libg.a(libc_a-svfiprintf.o)
                0x02044394                __action_table
 .rodata.__state_table
                0x02044400       0x6c /opt/devkitpro/devkitARM/bin/../lib/gcc/arm-none-eabi/15.1.0/../../../../arm-none-eabi/lib/thumb/libg.a(libc_a-svfiprintf.o)
                0x02044400                __state_table
 .rodata.__chclass
                0x0204446c      0x100 /opt/devkitpro/devkitARM/bin/../lib/gcc/arm-none-eabi/15.1.0/../../../../arm-none-eabi/lib/thumb/libg.a(libc_a-svfiprintf.o)
                0x0204446c                __chclass
 .rodata.str1.4
                0x0204456c       0x4c /opt/devkitpro/devkitARM/bin/../lib/gcc/arm-none-eabi/15.1.0/../../../../arm-none-eabi/lib/thumb/libg.a(libc_a-locale.o)
 .rodata._vfiprintf_r.str1.1
                0x0204456c       0x29 /opt/devkitpro/devkitARM/bin/../lib/gcc/arm-none-eabi/15.1.0/../../../../arm-none-eabi/lib/thumb/libg.a(libc_a-vfiprintf.o)
 .rodata.zeroes.0
                0x0204456c       0x10 /opt/devkitpro/devkitARM/bin/../lib/gcc/arm-none-eabi/15.1.0/../../../../arm-none-eabi/lib/thumb/libg.a(libc_a-vfiprintf.o)
 .rodata.blanks.1
                0x0204457c       0x10 /opt/devkitpro/devkitARM/bin/../lib/gcc/arm-none-eabi/15.1.0/../../../../arm-none-eabi/lib/thumb/libg.a(libc_a-vfiprintf.o)
 .rodata.basefix.0
                0x0204458c       0x22 /opt/devkitpro/devkitARM/bin/../lib/gcc/arm-none-eabi/15.1.0/../../../../arm-none-eabi/lib/thumb/libg.a(libc_a-svfiscanf.o)
 .rodata._vfprintf_r.str1.1
                0x020445ae       0x3b /opt/devkitpro/devkitARM/bin/../lib/gcc/arm-none-eabi/15.1.0/../../../../arm-none-eabi/lib/thumb/libg.a(libc_a-vfprintf.o)
 *fill*         0x020445ae        0x2 ff
 .rodata.zeroes.0
                0x020445b0       0x10 /opt/devkitpro/devkitARM/bin/../lib/gcc/arm-none-eabi/15.1.0/../../../../arm-none-eabi/lib/thumb/libg.a(libc_a-vfprintf.o)
 .rodata.blanks.1
                0x020445c0       0x10 /opt/devkitpro/devkitARM/bin/../lib/gcc/arm-none-eabi/15.1.0/../../../../arm-none-eabi/lib/thumb/libg.a(libc_a-vfprintf.o)
 .rodata._dtoa_r.str1.4
                0x020445d0       0x67 /opt/devkitpro/devkitARM/bin/../lib/gcc/arm-none-eabi/15.1.0/../../../../arm-none-eabi/lib/thumb/libg.a(libc_a-dtoa.o)
 .rodata._ctype_
                0x020445d0      0x101 /opt/devkitpro/devkitARM/bin/../lib/gcc/arm-none-eabi/15.1.0/../../../../arm-none-eabi/lib/thumb/libg.a(libc_a-ctype_.o)
                0x020445d0                _ctype_
 .rodata._mbrtowc_r.str1.4
                0x020446d1        0x1 /opt/devkitpro/devkitARM/bin/../lib/gcc/arm-none-eabi/15.1.0/../../../../arm-none-eabi/lib/thumb/libg.a(libc_a-mbrtowc.o)
 .rodata.__assert_func.str1.4
                0x020446d1       0x43 /opt/devkitpro/devkitARM/bin/../lib/gcc/arm-none-eabi/15.1.0/../../../../arm-none-eabi/lib/thumb/libg.a(libc_a-assert.o)
 .rodata.__multadd.str1.4
                0x020446d1       0x54 /opt/devkitpro/devkitARM/bin/../lib/gcc/arm-none-eabi/15.1.0/../../../../arm-none-eabi/lib/thumb/libg.a(libc_a-mprec.o)
 *fill*         0x020446d1        0x3 ff
 .rodata.p05.0  0x020446d4        0xc /opt/devkitpro/devkitARM/bin/../lib/gcc/arm-none-eabi/15.1.0/../../../../arm-none-eabi/lib/thumb/libg.a(libc_a-mprec.o)
 .rodata.__mprec_bigtens
                0x020446e0       0x28 /opt/devkitpro/devkitARM/bin/../lib/gcc/arm-none-eabi/15.1.0/../../../../arm-none-eabi/lib/thumb/libg.a(libc_a-mprec.o)
                0x020446e0                __mprec_bigtens
 .rodata.__mprec_tens
                0x02044708       0xc8 /opt/devkitpro/devkitARM/bin/../lib/gcc/arm-none-eabi/15.1.0/../../../../arm-none-eabi/lib/thumb/libg.a(libc_a-mprec.o)
                0x02044708                __mprec_tens
 .rodata.categories
                0x020447d0     0x35dc /opt/devkitpro/devkitARM/bin/../lib/gcc/arm-none-eabi/15.1.0/../../../../arm-none-eabi/lib/thumb/libg.a(libc_a-categories.o)
 .rodata.AddDevice.str1.4
                0x02047dac        0x8 /opt/devkitpro/devkitARM/bin/../lib/gcc/arm-none-eabi/15.1.0/../../../../arm-none-eabi/lib/thumb/libsysbase.a(libsysbase_libsysbase_a-iosupport.o)
 .rodata.dotab_stdnull
                0x02047dac       0x80 /opt/devkitpro/devkitARM/bin/../lib/gcc/arm-none-eabi/15.1.0/../../../../arm-none-eabi/lib/thumb/libsysbase.a(libsysbase_libsysbase_a-iosupport.o)
                0x02047dac                dotab_stdnull
 EXCLUDE_FILE(*.twl.*) *(.rodata1)
                0x02047e2c                        . = ALIGN (0x4)

.main.rw        0x02047e30     0x2250 load address 0x0204be64
 EXCLUDE_FILE(*.twl.*) *(.data .data.* .gnu.linkonce.d.*)
 .data          0x02047e30      0xa04 main.o
                0x02047e30                allScenes
                0x02047e9c                endScene
                0x02047ee4                firstChoiceRefuse
                0x02047f44                scene6
                0x0204810c                scene5
                0x0204822c                scene4
                0x020483ac                scene3
                0x02048514                scene2
                0x0204867c                scene1
                0x020487b4                introScene
                0x02048814                man
                0x0204881c                duck
                0x02048824                duck_on_right
                0x0204882c                bg_lemonade
 .data.bgTransform
                0x02048834       0x20 /opt/devkitpro/libnds/lib/libnds9.a(background.o)
                0x02048834                bgTransform
 .data.bgScrollTable
                0x02048854       0x20 /opt/devkitpro/libnds/lib/libnds9.a(background.o)
                0x02048854                bgScrollTable
 .data.bgControl
                0x02048874       0x20 /opt/devkitpro/libnds/lib/libnds9.a(background.o)
                0x02048874                bgControl
 .data.firstConsoleInit.0
                0x02048894        0x1 /opt/devkitpro/libnds/lib/libnds9.a(console.o)
 *fill*         0x02048895        0x3 ff
 .data.currentConsole
                0x02048898        0x4 /opt/devkitpro/libnds/lib/libnds9.a(console.o)
                0x02048898                currentConsole
 .data.defaultConsole
                0x0204889c       0x5c /opt/devkitpro/libnds/lib/libnds9.a(console.o)
                0x0204889c                defaultConsole
 .data.count    0x020488f8        0x1 /opt/devkitpro/libnds/lib/libnds9.a(keys.o)
 .data.repeat   0x020488f9        0x1 /opt/devkitpro/libnds/lib/libnds9.a(keys.o)
 .data.delay    0x020488fa        0x1 /opt/devkitpro/libnds/lib/libnds9.a(keys.o)
 *fill*         0x020488fb        0x1 ff
 .data.__malloc_sbrk_base
                0x020488fc        0x4 /opt/devkitpro/devkitARM/bin/../lib/gcc/arm-none-eabi/15.1.0/../../../../arm-none-eabi/lib/thumb/libg.a(libc_a-mallocr.o)
                0x020488fc                __malloc_sbrk_base
 .data.__malloc_trim_threshold
                0x02048900        0x4 /opt/devkitpro/devkitARM/bin/../lib/gcc/arm-none-eabi/15.1.0/../../../../arm-none-eabi/lib/thumb/libg.a(libc_a-mallocr.o)
                0x02048900                __malloc_trim_threshold
 *fill*         0x02048904        0x4 ff
 .data.__malloc_av_
                0x02048908      0x408 /opt/devkitpro/devkitARM/bin/../lib/gcc/arm-none-eabi/15.1.0/../../../../arm-none-eabi/lib/thumb/libg.a(libc_a-mallocr.o)
                0x02048908                __malloc_av_
 .data.__global_locale
                0x02048d10      0x16c /opt/devkitpro/devkitARM/bin/../lib/gcc/arm-none-eabi/15.1.0/../../../../arm-none-eabi/lib/thumb/libg.a(libc_a-locale.o)
                0x02048d10                __global_locale
 .data.__sglue  0x02048e7c        0xc /opt/devkitpro/devkitARM/bin/../lib/gcc/arm-none-eabi/15.1.0/../../../../arm-none-eabi/lib/thumb/libg.a(libc_a-findfp.o)
                0x02048e7c                __sglue
 .data._impure_ptr
                0x02048e88        0x4 /opt/devkitpro/devkitARM/bin/../lib/gcc/arm-none-eabi/15.1.0/../../../../arm-none-eabi/lib/thumb/libg.a(libc_a-impure.o)
                0x02048e88                _impure_ptr
 *fill*         0x02048e8c        0x4 ff
 .data._impure_data
                0x02048e90      0x140 /opt/devkitpro/devkitARM/bin/../lib/gcc/arm-none-eabi/15.1.0/../../../../arm-none-eabi/lib/thumb/libg.a(libc_a-impure.o)
                0x02048e90                _impure_data
 .data.handles  0x02048fd0     0x1000 /opt/devkitpro/devkitARM/bin/../lib/gcc/arm-none-eabi/15.1.0/../../../../arm-none-eabi/lib/thumb/libsysbase.a(libsysbase_libsysbase_a-handle_manager.o)
 .data.__stderr_handle
                0x02049fd0        0xc /opt/devkitpro/devkitARM/bin/../lib/gcc/arm-none-eabi/15.1.0/../../../../arm-none-eabi/lib/thumb/libsysbase.a(libsysbase_libsysbase_a-handle_manager.o)
 .data.__stdout_handle
                0x02049fdc        0xc /opt/devkitpro/devkitARM/bin/../lib/gcc/arm-none-eabi/15.1.0/../../../../arm-none-eabi/lib/thumb/libsysbase.a(libsysbase_libsysbase_a-handle_manager.o)
 .data.__stdin_handle
                0x02049fe8        0xc /opt/devkitpro/devkitARM/bin/../lib/gcc/arm-none-eabi/15.1.0/../../../../arm-none-eabi/lib/thumb/libsysbase.a(libsysbase_libsysbase_a-handle_manager.o)
 .data.devoptab_list
                0x02049ff4       0x8c /opt/devkitpro/devkitARM/bin/../lib/gcc/arm-none-eabi/15.1.0/../../../../arm-none-eabi/lib/thumb/libsysbase.a(libsysbase_libsysbase_a-iosupport.o)
                0x02049ff4                devoptab_list
 EXCLUDE_FILE(*.twl.*) *(.data1)
 EXCLUDE_FILE(*.twl.*) *(.igot.plt)
 .igot.plt      0x0204a080        0x0 /opt/devkitpro/devkitARM/bin/../lib/gcc/arm-none-eabi/15.1.0/thumb/crtbegin.o
                0x0204a080                        . = ALIGN (0x4)

.ARM.extab
 *(.ARM.extab* .gnu.linkonce.armextab.*)

.ARM.exidx      0x0204a080        0x0 load address 0x0204e0b4
 *(.ARM.exidx* .gnu.linkonce.armexidx.*)
                [!provide]                        PROVIDE (__exidx_start = ADDR (.ARM.exidx))
                [!provide]                        PROVIDE (__exidx_end = (ADDR (.ARM.exidx) + SIZEOF (.ARM.exidx)))

.eh_frame_hdr
 *(.eh_frame_hdr)
 *(.eh_frame_entry .eh_frame_entry.*)

.eh_frame       0x0204a080        0x4 load address 0x0204e0b4
 *(.eh_frame)
 .eh_frame      0x0204a080        0x0 /opt/devkitpro/devkitARM/bin/../lib/gcc/arm-none-eabi/15.1.0/thumb/crtbegin.o
 .eh_frame      0x0204a080        0x4 /opt/devkitpro/devkitARM/bin/../lib/gcc/arm-none-eabi/15.1.0/thumb/crtend.o
 *(.eh_frame.*)

.gcc_except_table
 *(.gcc_except_table .gcc_except_table.*)

.gnu_extab
 *(.gnu_extab*)

.tinfo          0x0204a084        0xc load address 0x0204e0b8
                0x0204a084        0x4 LONG 0x204a098 __tls_start
                0x0204a088        0x4 LONG 0x0 SIZEOF (.main.tls)
                0x0204a08c        0x4 LONG 0x0 SIZEOF (.tdata)
                0x0204a084                        PROVIDE (__tls_info = ADDR (.tinfo))

.preinit_array  0x0204a090        0x0 load address 0x0204e0c4
                0x0204a090                        PROVIDE (__preinit_array_start = .)
 *(.preinit_array)
                0x0204a090                        PROVIDE (__preinit_array_end = .)

.init_array     0x0204a090        0x4 load address 0x0204e0c4
                0x0204a090                        PROVIDE (__init_array_start = .)
 *(SORT_BY_INIT_PRIORITY(.init_array.*) SORT_BY_INIT_PRIORITY(.ctors.*))
 *(.init_array .ctors)
 .init_array    0x0204a090        0x4 /opt/devkitpro/devkitARM/bin/../lib/gcc/arm-none-eabi/15.1.0/thumb/crtbegin.o
                0x0204a094                        PROVIDE (__init_array_end = .)

.fini_array     0x0204a094        0x4 load address 0x0204e0c8
                0x0204a094                        PROVIDE (__fini_array_start = .)
 *(SORT_BY_INIT_PRIORITY(.fini_array.*) SORT_BY_INIT_PRIORITY(.dtors.*))
 *(.fini_array .dtors)
 .fini_array    0x0204a094        0x4 /opt/devkitpro/devkitARM/bin/../lib/gcc/arm-none-eabi/15.1.0/thumb/crtbegin.o
                0x0204a098                        PROVIDE (__fini_array_end = .)
                [!provide]                        PROVIDE (__main_lma = LOADADDR (.main))
                0x020013c0                        PROVIDE (__main_start = ADDR (.main))
                0x0204a098                        PROVIDE (__main_end = (ADDR (.fini_array) + SIZEOF (.fini_array)))

.tdata          0x00000000        0x0 load address 0x0204e0cc
 *(.tdata .tdata.* .gnu.linkonce.td.*)
                0x00000000                        . = ALIGN (0x4)

.tbss           0x00000000        0x0 load address 0x0204e0cc
 *(.tbss .tbss.* .gnu.linkonce.tb.*)
 *(.tcommon)
                0x00000000                        . = ALIGN (0x4)
                0x00000001                        ASSERT (((ALIGNOF (.tdata) <= 0x8) || (ALIGNOF (.tbss) <= 0x8)), Error: TLS is overaligned (up to 8-byte alignment is supported))
                0x00000001                        ASSERT (((ADDR (.tbss) + SIZEOF (.tbss)) <= (ORIGIN (tls) + LENGTH (tls))), Error: TLS section too large)

.main.tls       0x0204a098        0x0
                0x0204a098                        . = (. + ((ADDR (.tbss) + SIZEOF (.tbss)) - ADDR (.tdata)))
                [!provide]                        PROVIDE (__tls_lma = LOADADDR (.tdata))
                0x0204a098                        PROVIDE (__tls_start = ADDR (.main.tls))
                0x0204a098                        PROVIDE (__tls_end = (ADDR (.main.tls) + SIZEOF (.tdata)))

.main.bss       0x0204a098      0x98c
 EXCLUDE_FILE(*.twl.*) *(.dynbss)
 EXCLUDE_FILE(*.twl.*) *(.bss .bss.* .gnu.linkonce.b.*)
 .bss.completed.1
                0x0204a098        0x1 /opt/devkitpro/devkitARM/bin/../lib/gcc/arm-none-eabi/15.1.0/thumb/crtbegin.o
 *fill*         0x0204a099        0x3 
 .bss.object.0  0x0204a09c       0x18 /opt/devkitpro/devkitARM/bin/../lib/gcc/arm-none-eabi/15.1.0/thumb/crtbegin.o
 .bss           0x0204a0b4       0x68 main.o
                0x0204a0b4                bgId
                0x0204a0b8                bottomScreen
                0x0204a114                bg_none
 .bss.bgIsTextLut
                0x0204a11c        0x8 /opt/devkitpro/libnds/lib/libnds9.a(background.o)
                0x0204a11c                bgIsTextLut
 .bss.bgState   0x0204a124      0x140 /opt/devkitpro/libnds/lib/libnds9.a(background.o)
                0x0204a124                bgState
 .bss.currentCopy
                0x0204a264       0x5c /opt/devkitpro/libnds/lib/libnds9.a(console.o)
                0x0204a264                currentCopy
 .bss.keysrepeat
                0x0204a2c0        0x2 /opt/devkitpro/libnds/lib/libnds9.a(keys.o)
 *fill*         0x0204a2c2        0x2 
 .bss.s_keypad  0x0204a2c4        0x4 /opt/devkitpro/libnds/lib/libnds9.a(keys.o)
 .bss.s_sleepThreads
                0x0204a2c8        0x8 /opt/devkitpro/calico/lib/libcalico_ds9.a(thread_cold.o)
 .bss.s_joinThreads
                0x0204a2d0        0x8 /opt/devkitpro/calico/lib/libcalico_ds9.a(thread_cold.o)
 .bss.s_idleThread
                0x0204a2d8       0x70 /opt/devkitpro/calico/lib/libcalico_ds9.a(thread_cold.o)
 .bss.s_mainThread
                0x0204a348       0x70 /opt/devkitpro/calico/lib/libcalico_ds9.a(thread_cold.o)
 .bss.s_firstTask
                0x0204a3b8        0x4 /opt/devkitpro/calico/lib/libcalico_ds9.a(tick.o)
 *fill*         0x0204a3bc        0x4 
 .bss.s_highTickCount
                0x0204a3c0        0x8 /opt/devkitpro/calico/lib/libcalico_ds9.a(tick.o)
 .bss.s_tickInit
                0x0204a3c8        0x1 /opt/devkitpro/calico/lib/libcalico_ds9.a(tick.o)
 *fill*         0x0204a3c9        0x3 
 .bss.s_defaultErrno.0
                0x0204a3cc        0x4 /opt/devkitpro/calico/lib/libcalico_ds9.a(newlib_syscalls.o)
 .bss.__stacksize__
                0x0204a3d0        0x4 /opt/devkitpro/calico/lib/libcalico_ds9.a(startup.crt0.o)
                0x0204a3d0                __stacksize__
 .bss.g_isTwlMode
                0x0204a3d4        0x1 /opt/devkitpro/calico/lib/libcalico_ds9.a(startup.crt0.o)
                0x0204a3d4                g_isTwlMode
 *fill*         0x0204a3d5        0x3 
 .bss.s_pxiChannels
                0x0204a3d8      0x1f0 /opt/devkitpro/calico/lib/libcalico_ds9.a(pxi.o)
 .bss.s_pxiRecvState
                0x0204a5c8        0x4 /opt/devkitpro/calico/lib/libcalico_ds9.a(pxi.o)
 .bss.s_pxiRecvQueue
                0x0204a5cc        0x8 /opt/devkitpro/calico/lib/libcalico_ds9.a(pxi.o)
 .bss.s_pxiSendMutex
                0x0204a5d4        0x4 /opt/devkitpro/calico/lib/libcalico_ds9.a(pxi.o)
 .bss.s_mailboxRecvQueue
                0x0204a5d8        0x8 /opt/devkitpro/calico/lib/libcalico_ds9.a(mailbox.o)
 .bss.s_pmPxiThreadStack
                0x0204a5e0      0x200 /opt/devkitpro/calico/lib/libcalico_ds9.a(pm.o)
 .bss.s_pmPxiThread
                0x0204a7e0       0x70 /opt/devkitpro/calico/lib/libcalico_ds9.a(pm.o)
 .bss.s_pmState
                0x0204a850        0x8 /opt/devkitpro/calico/lib/libcalico_ds9.a(pm.o)
 .bss.__malloc_current_mallinfo
                0x0204a858       0x28 /opt/devkitpro/devkitARM/bin/../lib/gcc/arm-none-eabi/15.1.0/../../../../arm-none-eabi/lib/thumb/libg.a(libc_a-mallocr.o)
                0x0204a858                __malloc_current_mallinfo
 .bss.__malloc_max_total_mem
                0x0204a880        0x4 /opt/devkitpro/devkitARM/bin/../lib/gcc/arm-none-eabi/15.1.0/../../../../arm-none-eabi/lib/thumb/libg.a(libc_a-mallocr.o)
                0x0204a880                __malloc_max_total_mem
 .bss.__malloc_max_sbrked_mem
                0x0204a884        0x4 /opt/devkitpro/devkitARM/bin/../lib/gcc/arm-none-eabi/15.1.0/../../../../arm-none-eabi/lib/thumb/libg.a(libc_a-mallocr.o)
                0x0204a884                __malloc_max_sbrked_mem
 .bss.__malloc_top_pad
                0x0204a888        0x4 /opt/devkitpro/devkitARM/bin/../lib/gcc/arm-none-eabi/15.1.0/../../../../arm-none-eabi/lib/thumb/libg.a(libc_a-mallocr.o)
                0x0204a888                __malloc_top_pad
 .bss.__malloc_recursive_mutex
                0x0204a88c        0xc /opt/devkitpro/devkitARM/bin/../lib/gcc/arm-none-eabi/15.1.0/../../../../arm-none-eabi/lib/thumb/libg.a(libc_a-mlock.o)
 .bss.__sfp_recursive_mutex
                0x0204a898        0xc /opt/devkitpro/devkitARM/bin/../lib/gcc/arm-none-eabi/15.1.0/../../../../arm-none-eabi/lib/thumb/libg.a(libc_a-findfp.o)
 *fill*         0x0204a8a4        0x4 
 .bss.__sf      0x0204a8a8      0x168 /opt/devkitpro/devkitARM/bin/../lib/gcc/arm-none-eabi/15.1.0/../../../../arm-none-eabi/lib/thumb/libg.a(libc_a-findfp.o)
                0x0204a8a8                __sf
 .bss.__stdio_exit_handler
                0x0204aa10        0x4 /opt/devkitpro/devkitARM/bin/../lib/gcc/arm-none-eabi/15.1.0/../../../../arm-none-eabi/lib/thumb/libg.a(libc_a-findfp.o)
                0x0204aa10                __stdio_exit_handler
 .bss.__hndl_lock
                0x0204aa14        0x4 /opt/devkitpro/devkitARM/bin/../lib/gcc/arm-none-eabi/15.1.0/../../../../arm-none-eabi/lib/thumb/libsysbase.a(libsysbase_libsysbase_a-handle_manager.o)
 .bss.fake_heap_start
                0x0204aa18        0x4 /opt/devkitpro/devkitARM/bin/../lib/gcc/arm-none-eabi/15.1.0/../../../../arm-none-eabi/lib/thumb/libsysbase.a(libsysbase_libsysbase_a-malloc_vars.o)
                0x0204aa18                fake_heap_start
 .bss.fake_heap_end
                0x0204aa1c        0x4 /opt/devkitpro/devkitARM/bin/../lib/gcc/arm-none-eabi/15.1.0/../../../../arm-none-eabi/lib/thumb/libsysbase.a(libsysbase_libsysbase_a-malloc_vars.o)
                0x0204aa1c                fake_heap_end
 .bss.heap_start.0
                0x0204aa20        0x4 /opt/devkitpro/devkitARM/bin/../lib/gcc/arm-none-eabi/15.1.0/../../../../arm-none-eabi/lib/thumb/libsysbase.a(libsysbase_libsysbase_a-sbrk.o)
 EXCLUDE_FILE(*.twl.*) *(COMMON)
                0x0204aa24                        . = ALIGN (0x4)
                [!provide]                        PROVIDE (__main_bss_start = ADDR (.main.bss))
                0x0204aa24                        PROVIDE (__main_bss_end = (ADDR (.main.bss) + SIZEOF (.main.bss)))
                0x0204aa24                        . = .
                0x0204aa24                        PROVIDE (__heap_start_ntr = .)
                0x00000001                        ASSERT ((. <= 0x2380000), Error: DS-mode sections overflow DS ARM9 memory size (3.5 MB))

.twl            0x0204aa40        0x0 load address 0x02400000
 *(.twl .twl.*)
 *.twl.*(.text .stub .text.* .gnu.linkonce.t.*)
 *.twl.*(.glue_7t .glue_7 .vfp11_veneer .v4_bx)
 *.twl.*(.rodata .rodata.* .gnu.linkonce.r.*)
 *.twl.*(.rodata1)
                0x0204aa40                        . = ALIGN (0x4)

.twl.rw         0x0204aa40        0x0 load address 0x02400000
 *.twl.*(.data .data.* .gnu.linkonce.d.*)
 *.twl.*(.data1)
                0x0204aa40                        . = ALIGN (0x4)
                0x02400000                        PROVIDE (__twl_lma = LOADADDR (.twl))
                0x0204aa40                        PROVIDE (__twl_start = ADDR (.twl))
                0x0204aa40                        PROVIDE (__twl_end = (ADDR (.twl.rw) + SIZEOF (.twl.rw)))

.twl.bss        0x0204aa40        0x0 load address 0x02400000
 *(.twl_bss .twl_bss.*)
 *.twl.*(.dynbss)
 *.twl.*(.bss .bss.* .gnu.linkonce.b.*)
 *.twl.*(COMMON)
                0x0204aa40                        . = ALIGN (0x4)
                [!provide]                        PROVIDE (__twl_bss_start = ADDR (.twl.bss))
                0x0204aa40                        PROVIDE (__twl_bss_end = (ADDR (.twl.bss) + SIZEOF (.twl.bss)))
                0x0204aa40                        . = .
                0x0204aa40                        PROVIDE (__heap_start_twl = .)

.loadlist       0x0e000998       0x30 load address 0x0204e0cc
                0x0e000998        0x4 LONG 0x1ff8000 __itcm_start
                0x0e00099c        0x4 LONG 0x1ff869c __itcm_end
                0x0e0009a0        0x4 LONG 0x1ff869c __itcm_end
                0x0e0009a4        0x4 LONG 0x2ff0000 __dtcm_start
                0x0e0009a8        0x4 LONG 0x2ff0000 __dtcm_end
                0x0e0009ac        0x4 LONG 0x2ff0098 __dtcm_bss_end
                0x0e0009b0        0x4 LONG 0x20013c0 __main_start
                0x0e0009b4        0x4 LONG 0x204a098 __main_end
                0x0e0009b8        0x4 LONG 0x204a098 __main_end
                0x0e0009bc        0x4 LONG 0x204a098 __tls_start
                0x0e0009c0        0x4 LONG 0x204a098 __tls_end
                0x0e0009c4        0x4 LONG 0x204aa24 __main_bss_end
                0x02004d58                        PROVIDE (__loadlist_lma = __itcm_lma)
                0x0204e0cc                        PROVIDE (__loadlist_start = LOADADDR (.loadlist))
                0x0204e0fc                        PROVIDE (__loadlist_end = (LOADADDR (.loadlist) + SIZEOF (.loadlist)))

.twl.loadlist   0x0e0009c8        0xc load address 0x02400000
                0x0e0009c8        0x4 LONG 0x204aa40 __twl_start
                0x0e0009cc        0x4 LONG 0x204aa40 __twl_end
                0x0e0009d0        0x4 LONG 0x204aa40 __twl_bss_end
                0x02400000                        PROVIDE (__twl_loadlist_lma = __twl_lma)
                0x02400000                        PROVIDE (__twl_loadlist_start = LOADADDR (.twl.loadlist))
                0x0240000c                        PROVIDE (__twl_loadlist_end = (LOADADDR (.twl.loadlist) + SIZEOF (.twl.loadlist)))

.rel.dyn        0x0e0009d4        0x0 load address 0x0240000c
 .rel.iplt      0x0e0009d4        0x0 /opt/devkitpro/devkitARM/bin/../lib/gcc/arm-none-eabi/15.1.0/thumb/crtbegin.o

.stab
 *(.stab)

.stabstr
 *(.stabstr)

.stab.excl
 *(.stab.excl)

.stab.exclstr
 *(.stab.exclstr)

.stab.index
 *(.stab.index)

.stab.indexstr
 *(.stab.indexstr)

.comment        0x00000000       0x23
 *(.comment)
 .comment       0x00000000       0x23 /opt/devkitpro/devkitARM/bin/../lib/gcc/arm-none-eabi/15.1.0/thumb/crtbegin.o
                                 0x24 (size before relaxing)
 .comment       0x00000023       0x24 main.o
 .comment       0x00000023       0x24 /opt/devkitpro/libnds/lib/libnds9.a(background.o)
 .comment       0x00000023       0x24 /opt/devkitpro/libnds/lib/libnds9.a(console.o)
 .comment       0x00000023       0x24 /opt/devkitpro/libnds/lib/libnds9.a(keys.o)
 .comment       0x00000023       0x24 /opt/devkitpro/libnds/lib/libnds9.a(trig.o)
 .comment       0x00000023       0x24 /opt/devkitpro/calico/lib/libcalico_ds9.a(thread_cold.o)
 .comment       0x00000023       0x24 /opt/devkitpro/calico/lib/libcalico_ds9.a(thread_hot.32.o)
 .comment       0x00000023       0x24 /opt/devkitpro/calico/lib/libcalico_ds9.a(arm-shims.32.o)
 .comment       0x00000023       0x24 /opt/devkitpro/calico/lib/libcalico_ds9.a(keypad.o)
 .comment       0x00000023       0x24 /opt/devkitpro/calico/lib/libcalico_ds9.a(touch.o)
 .comment       0x00000023       0x24 /opt/devkitpro/calico/lib/libcalico_ds9.a(tick.o)
 .comment       0x00000023       0x24 /opt/devkitpro/calico/lib/libcalico_ds9.a(newlib_syscalls.o)
 .comment       0x00000023       0x24 /opt/devkitpro/calico/lib/libcalico_ds9.a(startup.crt0.o)
 .comment       0x00000023       0x24 /opt/devkitpro/calico/lib/libcalico_ds9.a(pxi.o)
 .comment       0x00000023       0x24 /opt/devkitpro/calico/lib/libcalico_ds9.a(sys_startup.o)
 .comment       0x00000023       0x24 /opt/devkitpro/calico/lib/libcalico_ds9.a(irq.o)
 .comment       0x00000023       0x24 /opt/devkitpro/calico/lib/libcalico_ds9.a(mutex.o)
 .comment       0x00000023       0x24 /opt/devkitpro/calico/lib/libcalico_ds9.a(mailbox.o)
 .comment       0x00000023       0x24 /opt/devkitpro/calico/lib/libcalico_ds9.a(pm.o)
 .comment       0x00000023       0x24 /opt/devkitpro/devkitARM/bin/../lib/gcc/arm-none-eabi/15.1.0/thumb/libgcc.a(_udivmoddi4.o)
 .comment       0x00000023       0x24 /opt/devkitpro/devkitARM/bin/../lib/gcc/arm-none-eabi/15.1.0/../../../../arm-none-eabi/lib/thumb/libg.a(libc_a-strlen.o)
 .comment       0x00000023       0x24 /opt/devkitpro/devkitARM/bin/../lib/gcc/arm-none-eabi/15.1.0/../../../../arm-none-eabi/lib/thumb/libg.a(libc_a-sprintf.o)
 .comment       0x00000023       0x24 /opt/devkitpro/devkitARM/bin/../lib/gcc/arm-none-eabi/15.1.0/../../../../arm-none-eabi/lib/thumb/libg.a(libc_a-init.o)
 .comment       0x00000023       0x24 /opt/devkitpro/devkitARM/bin/../lib/gcc/arm-none-eabi/15.1.0/../../../../arm-none-eabi/lib/thumb/libg.a(libc_a-siscanf.o)
 .comment       0x00000023       0x24 /opt/devkitpro/devkitARM/bin/../lib/gcc/arm-none-eabi/15.1.0/../../../../arm-none-eabi/lib/thumb/libg.a(libc_a-mallocr.o)
 .comment       0x00000023       0x24 /opt/devkitpro/devkitARM/bin/../lib/gcc/arm-none-eabi/15.1.0/../../../../arm-none-eabi/lib/thumb/libg.a(libc_a-freer.o)
 .comment       0x00000023       0x24 /opt/devkitpro/devkitARM/bin/../lib/gcc/arm-none-eabi/15.1.0/../../../../arm-none-eabi/lib/thumb/libg.a(libc_a-svfprintf.o)
 .comment       0x00000023       0x24 /opt/devkitpro/devkitARM/bin/../lib/gcc/arm-none-eabi/15.1.0/../../../../arm-none-eabi/lib/thumb/libg.a(libc_a-printf.o)
 .comment       0x00000023       0x24 /opt/devkitpro/devkitARM/bin/../lib/gcc/arm-none-eabi/15.1.0/../../../../arm-none-eabi/lib/thumb/libg.a(libc_a-memset.o)
 .comment       0x00000023       0x24 /opt/devkitpro/devkitARM/bin/../lib/gcc/arm-none-eabi/15.1.0/../../../../arm-none-eabi/lib/thumb/libg.a(libc_a-mlock.o)
 .comment       0x00000023       0x24 /opt/devkitpro/devkitARM/bin/../lib/gcc/arm-none-eabi/15.1.0/../../../../arm-none-eabi/lib/thumb/libg.a(libc_a-exit.o)
 .comment       0x00000023       0x24 /opt/devkitpro/devkitARM/bin/../lib/gcc/arm-none-eabi/15.1.0/../../../../arm-none-eabi/lib/thumb/libg.a(libc_a-setvbuf.o)
 .comment       0x00000023       0x24 /opt/devkitpro/devkitARM/bin/../lib/gcc/arm-none-eabi/15.1.0/../../../../arm-none-eabi/lib/thumb/libg.a(libc_a-strncpy.o)
 .comment       0x00000023       0x24 /opt/devkitpro/devkitARM/bin/../lib/gcc/arm-none-eabi/15.1.0/../../../../arm-none-eabi/lib/thumb/libg.a(libc_a-memcpy-stub.o)
 .comment       0x00000023       0x24 /opt/devkitpro/devkitARM/bin/../lib/gcc/arm-none-eabi/15.1.0/../../../../arm-none-eabi/lib/thumb/libg.a(libc_a-wcsrtombs.o)
 .comment       0x00000023       0x24 /opt/devkitpro/devkitARM/bin/../lib/gcc/arm-none-eabi/15.1.0/../../../../arm-none-eabi/lib/thumb/libg.a(libc_a-svfiprintf.o)
 .comment       0x00000023       0x24 /opt/devkitpro/devkitARM/bin/../lib/gcc/arm-none-eabi/15.1.0/../../../../arm-none-eabi/lib/thumb/libg.a(libc_a-iprintf.o)
 .comment       0x00000023       0x24 /opt/devkitpro/devkitARM/bin/../lib/gcc/arm-none-eabi/15.1.0/../../../../arm-none-eabi/lib/thumb/libg.a(libm_a-s_frexp.o)
 .comment       0x00000023       0x24 /opt/devkitpro/devkitARM/bin/../lib/gcc/arm-none-eabi/15.1.0/../../../../arm-none-eabi/lib/thumb/libg.a(libc_a-stdio.o)
 .comment       0x00000023       0x24 /opt/devkitpro/devkitARM/bin/../lib/gcc/arm-none-eabi/15.1.0/../../../../arm-none-eabi/lib/thumb/libg.a(libc_a-locale.o)
 .comment       0x00000023       0x24 /opt/devkitpro/devkitARM/bin/../lib/gcc/arm-none-eabi/15.1.0/../../../../arm-none-eabi/lib/thumb/libg.a(libc_a-ssprint_r.o)
 .comment       0x00000023       0x24 /opt/devkitpro/devkitARM/bin/../lib/gcc/arm-none-eabi/15.1.0/../../../../arm-none-eabi/lib/thumb/libg.a(libc_a-vfiprintf.o)
 .comment       0x00000023       0x24 /opt/devkitpro/devkitARM/bin/../lib/gcc/arm-none-eabi/15.1.0/../../../../arm-none-eabi/lib/thumb/libg.a(libc_a-wcsnrtombs.o)
 .comment       0x00000023       0x24 /opt/devkitpro/devkitARM/bin/../lib/gcc/arm-none-eabi/15.1.0/../../../../arm-none-eabi/lib/thumb/libg.a(libc_a-svfiscanf.o)
 .comment       0x00000023       0x24 /opt/devkitpro/devkitARM/bin/../lib/gcc/arm-none-eabi/15.1.0/../../../../arm-none-eabi/lib/thumb/libg.a(libc_a-findfp.o)
 .comment       0x00000023       0x24 /opt/devkitpro/devkitARM/bin/../lib/gcc/arm-none-eabi/15.1.0/../../../../arm-none-eabi/lib/thumb/libg.a(libc_a-strtoul.o)
 .comment       0x00000023       0x24 /opt/devkitpro/devkitARM/bin/../lib/gcc/arm-none-eabi/15.1.0/../../../../arm-none-eabi/lib/thumb/libg.a(libc_a-mbtowc_r.o)
 .comment       0x00000023       0x24 /opt/devkitpro/devkitARM/bin/../lib/gcc/arm-none-eabi/15.1.0/../../../../arm-none-eabi/lib/thumb/libg.a(libc_a-fwalk.o)
 .comment       0x00000023       0x24 /opt/devkitpro/devkitARM/bin/../lib/gcc/arm-none-eabi/15.1.0/../../../../arm-none-eabi/lib/thumb/libg.a(libc_a-sprint_r.o)
 .comment       0x00000023       0x24 /opt/devkitpro/devkitARM/bin/../lib/gcc/arm-none-eabi/15.1.0/../../../../arm-none-eabi/lib/thumb/libg.a(libc_a-iswspace.o)
 .comment       0x00000023       0x24 /opt/devkitpro/devkitARM/bin/../lib/gcc/arm-none-eabi/15.1.0/../../../../arm-none-eabi/lib/thumb/libg.a(libc_a-localeconv.o)
 .comment       0x00000023       0x24 /opt/devkitpro/devkitARM/bin/../lib/gcc/arm-none-eabi/15.1.0/../../../../arm-none-eabi/lib/thumb/libg.a(libc_a-vfprintf.o)
 .comment       0x00000023       0x24 /opt/devkitpro/devkitARM/bin/../lib/gcc/arm-none-eabi/15.1.0/../../../../arm-none-eabi/lib/thumb/libg.a(libc_a-realloc.o)
 .comment       0x00000023       0x24 /opt/devkitpro/devkitARM/bin/../lib/gcc/arm-none-eabi/15.1.0/../../../../arm-none-eabi/lib/thumb/libg.a(libc_a-memchr-stub.o)
 .comment       0x00000023       0x24 /opt/devkitpro/devkitARM/bin/../lib/gcc/arm-none-eabi/15.1.0/../../../../arm-none-eabi/lib/thumb/libg.a(libc_a-dtoa.o)
 .comment       0x00000023       0x24 /opt/devkitpro/devkitARM/bin/../lib/gcc/arm-none-eabi/15.1.0/../../../../arm-none-eabi/lib/thumb/libg.a(libc_a-wcrtomb.o)
 .comment       0x00000023       0x24 /opt/devkitpro/devkitARM/bin/../lib/gcc/arm-none-eabi/15.1.0/../../../../arm-none-eabi/lib/thumb/libg.a(libc_a-strtol.o)
 .comment       0x00000023       0x24 /opt/devkitpro/devkitARM/bin/../lib/gcc/arm-none-eabi/15.1.0/../../../../arm-none-eabi/lib/thumb/libg.a(libc_a-fini.o)
 .comment       0x00000023       0x24 /opt/devkitpro/devkitARM/bin/../lib/gcc/arm-none-eabi/15.1.0/../../../../arm-none-eabi/lib/thumb/libg.a(libc_a-malloc.o)
 .comment       0x00000023       0x24 /opt/devkitpro/devkitARM/bin/../lib/gcc/arm-none-eabi/15.1.0/../../../../arm-none-eabi/lib/thumb/libg.a(libc_a-sccl.o)
 .comment       0x00000023       0x24 /opt/devkitpro/devkitARM/bin/../lib/gcc/arm-none-eabi/15.1.0/../../../../arm-none-eabi/lib/thumb/libg.a(libc_a-fflush.o)
 .comment       0x00000023       0x24 /opt/devkitpro/devkitARM/bin/../lib/gcc/arm-none-eabi/15.1.0/../../../../arm-none-eabi/lib/thumb/libg.a(libc_a-ctype_.o)
 .comment       0x00000023       0x24 /opt/devkitpro/devkitARM/bin/../lib/gcc/arm-none-eabi/15.1.0/../../../../arm-none-eabi/lib/thumb/libg.a(libc_a-makebuf.o)
 .comment       0x00000023       0x24 /opt/devkitpro/devkitARM/bin/../lib/gcc/arm-none-eabi/15.1.0/../../../../arm-none-eabi/lib/thumb/libg.a(libc_a-reallocr.o)
 .comment       0x00000023       0x24 /opt/devkitpro/devkitARM/bin/../lib/gcc/arm-none-eabi/15.1.0/../../../../arm-none-eabi/lib/thumb/libg.a(libc_a-ssputs_r.o)
 .comment       0x00000023       0x24 /opt/devkitpro/devkitARM/bin/../lib/gcc/arm-none-eabi/15.1.0/../../../../arm-none-eabi/lib/thumb/libg.a(libc_a-impure.o)
 .comment       0x00000023       0x24 /opt/devkitpro/devkitARM/bin/../lib/gcc/arm-none-eabi/15.1.0/../../../../arm-none-eabi/lib/thumb/libg.a(libc_a-wctomb_r.o)
 .comment       0x00000023       0x24 /opt/devkitpro/devkitARM/bin/../lib/gcc/arm-none-eabi/15.1.0/../../../../arm-none-eabi/lib/thumb/libg.a(libc_a-strtoull.o)
 .comment       0x00000023       0x24 /opt/devkitpro/devkitARM/bin/../lib/gcc/arm-none-eabi/15.1.0/../../../../arm-none-eabi/lib/thumb/libg.a(libc_a-mbrtowc.o)
 .comment       0x00000023       0x24 /opt/devkitpro/devkitARM/bin/../lib/gcc/arm-none-eabi/15.1.0/../../../../arm-none-eabi/lib/thumb/libg.a(libc_a-wsetup.o)
 .comment       0x00000023       0x24 /opt/devkitpro/devkitARM/bin/../lib/gcc/arm-none-eabi/15.1.0/../../../../arm-none-eabi/lib/thumb/libg.a(libc_a-fvwrite.o)
 .comment       0x00000023       0x24 /opt/devkitpro/devkitARM/bin/../lib/gcc/arm-none-eabi/15.1.0/../../../../arm-none-eabi/lib/thumb/libg.a(libc_a-memmove.o)
 .comment       0x00000023       0x24 /opt/devkitpro/devkitARM/bin/../lib/gcc/arm-none-eabi/15.1.0/../../../../arm-none-eabi/lib/thumb/libg.a(libc_a-assert.o)
 .comment       0x00000023       0x24 /opt/devkitpro/devkitARM/bin/../lib/gcc/arm-none-eabi/15.1.0/../../../../arm-none-eabi/lib/thumb/libg.a(libc_a-iswspace_l.o)
 .comment       0x00000023       0x24 /opt/devkitpro/devkitARM/bin/../lib/gcc/arm-none-eabi/15.1.0/../../../../arm-none-eabi/lib/thumb/libg.a(libc_a-mprec.o)
 .comment       0x00000023       0x24 /opt/devkitpro/devkitARM/bin/../lib/gcc/arm-none-eabi/15.1.0/../../../../arm-none-eabi/lib/thumb/libg.a(libc_a-fclose.o)
 .comment       0x00000023       0x24 /opt/devkitpro/devkitARM/bin/../lib/gcc/arm-none-eabi/15.1.0/../../../../arm-none-eabi/lib/thumb/libg.a(libc_a-strtoll.o)
 .comment       0x00000023       0x24 /opt/devkitpro/devkitARM/bin/../lib/gcc/arm-none-eabi/15.1.0/../../../../arm-none-eabi/lib/thumb/libg.a(libc_a-ungetc.o)
 .comment       0x00000023       0x24 /opt/devkitpro/devkitARM/bin/../lib/gcc/arm-none-eabi/15.1.0/../../../../arm-none-eabi/lib/thumb/libg.a(libc_a-fiprintf.o)
 .comment       0x00000023       0x24 /opt/devkitpro/devkitARM/bin/../lib/gcc/arm-none-eabi/15.1.0/../../../../arm-none-eabi/lib/thumb/libg.a(libc_a-malignr.o)
 .comment       0x00000023       0x24 /opt/devkitpro/devkitARM/bin/../lib/gcc/arm-none-eabi/15.1.0/../../../../arm-none-eabi/lib/thumb/libg.a(libc_a-abort.o)
 .comment       0x00000023       0x24 /opt/devkitpro/devkitARM/bin/../lib/gcc/arm-none-eabi/15.1.0/../../../../arm-none-eabi/lib/thumb/libg.a(libc_a-callocr.o)
 .comment       0x00000023       0x24 /opt/devkitpro/devkitARM/bin/../lib/gcc/arm-none-eabi/15.1.0/../../../../arm-none-eabi/lib/thumb/libg.a(libc_a-categories.o)
 .comment       0x00000023       0x24 /opt/devkitpro/devkitARM/bin/../lib/gcc/arm-none-eabi/15.1.0/../../../../arm-none-eabi/lib/thumb/libg.a(libc_a-signal.o)
 .comment       0x00000023       0x24 /opt/devkitpro/devkitARM/bin/../lib/gcc/arm-none-eabi/15.1.0/../../../../arm-none-eabi/lib/thumb/libsysbase.a(libsysbase_libsysbase_a-_exit.o)
 .comment       0x00000023       0x24 /opt/devkitpro/devkitARM/bin/../lib/gcc/arm-none-eabi/15.1.0/../../../../arm-none-eabi/lib/thumb/libsysbase.a(libsysbase_libsysbase_a-fstat.o)
 .comment       0x00000023       0x24 /opt/devkitpro/devkitARM/bin/../lib/gcc/arm-none-eabi/15.1.0/../../../../arm-none-eabi/lib/thumb/libsysbase.a(libsysbase_libsysbase_a-getpid.o)
 .comment       0x00000023       0x24 /opt/devkitpro/devkitARM/bin/../lib/gcc/arm-none-eabi/15.1.0/../../../../arm-none-eabi/lib/thumb/libsysbase.a(libsysbase_libsysbase_a-getreent.o)
 .comment       0x00000023       0x24 /opt/devkitpro/devkitARM/bin/../lib/gcc/arm-none-eabi/15.1.0/../../../../arm-none-eabi/lib/thumb/libsysbase.a(libsysbase_libsysbase_a-handle_manager.o)
 .comment       0x00000023       0x24 /opt/devkitpro/devkitARM/bin/../lib/gcc/arm-none-eabi/15.1.0/../../../../arm-none-eabi/lib/thumb/libsysbase.a(libsysbase_libsysbase_a-iosupport.o)
 .comment       0x00000023       0x24 /opt/devkitpro/devkitARM/bin/../lib/gcc/arm-none-eabi/15.1.0/../../../../arm-none-eabi/lib/thumb/libsysbase.a(libsysbase_libsysbase_a-isatty.o)
 .comment       0x00000023       0x24 /opt/devkitpro/devkitARM/bin/../lib/gcc/arm-none-eabi/15.1.0/../../../../arm-none-eabi/lib/thumb/libsysbase.a(libsysbase_libsysbase_a-kill.o)
 .comment       0x00000023       0x24 /opt/devkitpro/devkitARM/bin/../lib/gcc/arm-none-eabi/15.1.0/../../../../arm-none-eabi/lib/thumb/libsysbase.a(libsysbase_libsysbase_a-lseek.o)
 .comment       0x00000023       0x24 /opt/devkitpro/devkitARM/bin/../lib/gcc/arm-none-eabi/15.1.0/../../../../arm-none-eabi/lib/thumb/libsysbase.a(libsysbase_libsysbase_a-malloc_vars.o)
 .comment       0x00000023       0x24 /opt/devkitpro/devkitARM/bin/../lib/gcc/arm-none-eabi/15.1.0/../../../../arm-none-eabi/lib/thumb/libsysbase.a(libsysbase_libsysbase_a-read.o)
 .comment       0x00000023       0x24 /opt/devkitpro/devkitARM/bin/../lib/gcc/arm-none-eabi/15.1.0/../../../../arm-none-eabi/lib/thumb/libsysbase.a(libsysbase_libsysbase_a-sbrk.o)
 .comment       0x00000023       0x24 /opt/devkitpro/devkitARM/bin/../lib/gcc/arm-none-eabi/15.1.0/../../../../arm-none-eabi/lib/thumb/libsysbase.a(libsysbase_libsysbase_a-syscall_support.o)
 .comment       0x00000023       0x24 /opt/devkitpro/devkitARM/bin/../lib/gcc/arm-none-eabi/15.1.0/../../../../arm-none-eabi/lib/thumb/libsysbase.a(libsysbase_libsysbase_a-write.o)
 .comment       0x00000023       0x24 /opt/devkitpro/devkitARM/bin/../lib/gcc/arm-none-eabi/15.1.0/thumb/libgcc.a(_muldi3.o)